{"timestamp":"2025-05-12T10:37:55.822406","level":"info","event":"DAG bundles loaded: dags-folder","logger":"airflow.dag_processing.bundles.manager.DagBundlesManager"}
{"timestamp":"2025-05-12T10:37:55.822802","level":"info","event":"Filling up the DagBag from /home/ilies/octopus_data_engineer_case_study/data_engineer_case_study/airflow/dags/octopus_pricing_pipeline.py","logger":"airflow.models.dagbag.DagBag"}
{"timestamp":"2025-05-12T10:37:56.020285","level":"info","event":"Secrets backends loaded for worker","count":1,"backend_classes":["EnvironmentVariablesBackend"],"logger":"supervisor"}
{"timestamp":"2025-05-12T10:37:56.028358","level":"info","event":"Secrets backends loaded for worker","count":1,"backend_classes":["EnvironmentVariablesBackend"],"logger":"supervisor"}
{"timestamp":"2025-05-12T10:37:56.035854","level":"info","event":"Connection Retrieved 'staging_postgres'","logger":"airflow.hooks.base"}
{"timestamp":"2025-05-12T10:37:56.041926","level":"info","event":"Tmp dir root location: /tmp","logger":"airflow.task.hooks.airflow.providers.standard.hooks.subprocess.SubprocessHook"}
{"timestamp":"2025-05-12T10:37:56.042509","level":"info","event":"Running command: ['/usr/bin/bash', '-c', 'cd /home/ilies/***_data_engineer_case_study/data_engineer_case_study/***_pricing && dbt run --models staging_* marts_* && dbt test']","logger":"airflow.task.hooks.airflow.providers.standard.hooks.subprocess.SubprocessHook"}
{"timestamp":"2025-05-12T10:37:56.048714","level":"info","event":"Output:","logger":"airflow.task.hooks.airflow.providers.standard.hooks.subprocess.SubprocessHook"}
{"timestamp":"2025-05-12T10:37:57.848313","level":"info","event":"\u001b[0m10:37:57  Running with dbt=1.9.4","logger":"airflow.task.hooks.airflow.providers.standard.hooks.subprocess.SubprocessHook"}
{"timestamp":"2025-05-12T10:37:58.149169","level":"info","event":"\u001b[0m10:37:58  Registered adapter: postgres=1.9.0","logger":"airflow.task.hooks.airflow.providers.standard.hooks.subprocess.SubprocessHook"}
{"timestamp":"2025-05-12T10:37:58.458653","level":"info","event":"\u001b[0m10:37:58  Found 2 models, 4 data tests, 433 macros","logger":"airflow.task.hooks.airflow.providers.standard.hooks.subprocess.SubprocessHook"}
{"timestamp":"2025-05-12T10:37:58.459848","level":"info","event":"\u001b[0m10:37:58  The selection criterion 'staging_*' does not match any enabled nodes","logger":"airflow.task.hooks.airflow.providers.standard.hooks.subprocess.SubprocessHook"}
{"timestamp":"2025-05-12T10:37:58.460384","level":"info","event":"\u001b[0m10:37:58  The selection criterion 'marts_*' does not match any enabled nodes","logger":"airflow.task.hooks.airflow.providers.standard.hooks.subprocess.SubprocessHook"}
{"timestamp":"2025-05-12T10:37:58.461312","level":"info","event":"\u001b[0m10:37:58  Nothing to do. Try checking your model configs and model specification args","logger":"airflow.task.hooks.airflow.providers.standard.hooks.subprocess.SubprocessHook"}
{"timestamp":"2025-05-12T10:38:00.460985","level":"info","event":"\u001b[0m10:38:00  Running with dbt=1.9.4","logger":"airflow.task.hooks.airflow.providers.standard.hooks.subprocess.SubprocessHook"}
{"timestamp":"2025-05-12T10:38:00.663529","level":"info","event":"\u001b[0m10:38:00  Registered adapter: postgres=1.9.0","logger":"airflow.task.hooks.airflow.providers.standard.hooks.subprocess.SubprocessHook"}
{"timestamp":"2025-05-12T10:38:00.909198","level":"info","event":"\u001b[0m10:38:00  Found 2 models, 4 data tests, 433 macros","logger":"airflow.task.hooks.airflow.providers.standard.hooks.subprocess.SubprocessHook"}
{"timestamp":"2025-05-12T10:38:00.911060","level":"info","event":"\u001b[0m10:38:00","logger":"airflow.task.hooks.airflow.providers.standard.hooks.subprocess.SubprocessHook"}
{"timestamp":"2025-05-12T10:38:00.911358","level":"info","event":"\u001b[0m10:38:00  Concurrency: 1 threads (target='dev')","logger":"airflow.task.hooks.airflow.providers.standard.hooks.subprocess.SubprocessHook"}
{"timestamp":"2025-05-12T10:38:00.911659","level":"info","event":"\u001b[0m10:38:00","logger":"airflow.task.hooks.airflow.providers.standard.hooks.subprocess.SubprocessHook"}
{"timestamp":"2025-05-12T10:38:01.042447","level":"info","event":"\u001b[0m10:38:01  1 of 4 START test not_null_my_first_dbt_model_id ............................... [RUN]","logger":"airflow.task.hooks.airflow.providers.standard.hooks.subprocess.SubprocessHook"}
{"timestamp":"2025-05-12T10:38:01.088913","level":"info","event":"\u001b[0m10:38:01  1 of 4 ERROR not_null_my_first_dbt_model_id .................................... [\u001b[31mERROR\u001b[0m in 0.05s]","logger":"airflow.task.hooks.airflow.providers.standard.hooks.subprocess.SubprocessHook"}
{"timestamp":"2025-05-12T10:38:01.090828","level":"info","event":"\u001b[0m10:38:01  2 of 4 START test not_null_my_second_dbt_model_id .............................. [RUN]","logger":"airflow.task.hooks.airflow.providers.standard.hooks.subprocess.SubprocessHook"}
{"timestamp":"2025-05-12T10:38:01.110025","level":"info","event":"\u001b[0m10:38:01  2 of 4 ERROR not_null_my_second_dbt_model_id ................................... [\u001b[31mERROR\u001b[0m in 0.02s]","logger":"airflow.task.hooks.airflow.providers.standard.hooks.subprocess.SubprocessHook"}
{"timestamp":"2025-05-12T10:38:01.111729","level":"info","event":"\u001b[0m10:38:01  3 of 4 START test unique_my_first_dbt_model_id ................................. [RUN]","logger":"airflow.task.hooks.airflow.providers.standard.hooks.subprocess.SubprocessHook"}
{"timestamp":"2025-05-12T10:38:01.132460","level":"info","event":"\u001b[0m10:38:01  3 of 4 ERROR unique_my_first_dbt_model_id ...................................... [\u001b[31mERROR\u001b[0m in 0.02s]","logger":"airflow.task.hooks.airflow.providers.standard.hooks.subprocess.SubprocessHook"}
{"timestamp":"2025-05-12T10:38:01.134270","level":"info","event":"\u001b[0m10:38:01  4 of 4 START test unique_my_second_dbt_model_id ................................ [RUN]","logger":"airflow.task.hooks.airflow.providers.standard.hooks.subprocess.SubprocessHook"}
{"timestamp":"2025-05-12T10:38:01.153165","level":"info","event":"\u001b[0m10:38:01  4 of 4 ERROR unique_my_second_dbt_model_id ..................................... [\u001b[31mERROR\u001b[0m in 0.02s]","logger":"airflow.task.hooks.airflow.providers.standard.hooks.subprocess.SubprocessHook"}
{"timestamp":"2025-05-12T10:38:01.163465","level":"info","event":"\u001b[0m10:38:01","logger":"airflow.task.hooks.airflow.providers.standard.hooks.subprocess.SubprocessHook"}
{"timestamp":"2025-05-12T10:38:01.163749","level":"info","event":"\u001b[0m10:38:01  Finished running 4 data tests in 0 hours 0 minutes and 0.25 seconds (0.25s).","logger":"airflow.task.hooks.airflow.providers.standard.hooks.subprocess.SubprocessHook"}
{"timestamp":"2025-05-12T10:38:01.188293","level":"info","event":"\u001b[0m10:38:01","logger":"airflow.task.hooks.airflow.providers.standard.hooks.subprocess.SubprocessHook"}
{"timestamp":"2025-05-12T10:38:01.188537","level":"info","event":"\u001b[0m10:38:01  \u001b[31mCompleted with 4 errors, 0 partial successes, and 0 warnings:\u001b[0m","logger":"airflow.task.hooks.airflow.providers.standard.hooks.subprocess.SubprocessHook"}
{"timestamp":"2025-05-12T10:38:01.188834","level":"info","event":"\u001b[0m10:38:01","logger":"airflow.task.hooks.airflow.providers.standard.hooks.subprocess.SubprocessHook"}
{"timestamp":"2025-05-12T10:38:01.189189","level":"info","event":"\u001b[0m10:38:01    Database Error in test not_null_my_first_dbt_model_id (models/example/schema.yml)","logger":"airflow.task.hooks.airflow.providers.standard.hooks.subprocess.SubprocessHook"}
{"timestamp":"2025-05-12T10:38:01.189249","level":"info","event":"  relation \"raw.my_first_dbt_model\" does not exist","logger":"airflow.task.hooks.airflow.providers.standard.hooks.subprocess.SubprocessHook"}
{"timestamp":"2025-05-12T10:38:01.189301","level":"info","event":"  LINE 14: from \"challenge_db\".\"raw\".\"my_first_dbt_model\"","logger":"airflow.task.hooks.airflow.providers.standard.hooks.subprocess.SubprocessHook"}
{"timestamp":"2025-05-12T10:38:01.189346","level":"info","event":"                ^","logger":"airflow.task.hooks.airflow.providers.standard.hooks.subprocess.SubprocessHook"}
{"timestamp":"2025-05-12T10:38:01.189380","level":"info","event":"  compiled code at target/run/***_pricing/models/example/schema.yml/not_null_my_first_dbt_model_id.sql","logger":"airflow.task.hooks.airflow.providers.standard.hooks.subprocess.SubprocessHook"}
{"timestamp":"2025-05-12T10:38:01.189496","level":"info","event":"\u001b[0m10:38:01","logger":"airflow.task.hooks.airflow.providers.standard.hooks.subprocess.SubprocessHook"}
{"timestamp":"2025-05-12T10:38:01.189827","level":"info","event":"\u001b[0m10:38:01    Database Error in test not_null_my_second_dbt_model_id (models/example/schema.yml)","logger":"airflow.task.hooks.airflow.providers.standard.hooks.subprocess.SubprocessHook"}
{"timestamp":"2025-05-12T10:38:01.189884","level":"info","event":"  relation \"raw.my_second_dbt_model\" does not exist","logger":"airflow.task.hooks.airflow.providers.standard.hooks.subprocess.SubprocessHook"}
{"timestamp":"2025-05-12T10:38:01.189927","level":"info","event":"  LINE 14: from \"challenge_db\".\"raw\".\"my_second_dbt_model\"","logger":"airflow.task.hooks.airflow.providers.standard.hooks.subprocess.SubprocessHook"}
{"timestamp":"2025-05-12T10:38:01.189960","level":"info","event":"                ^","logger":"airflow.task.hooks.airflow.providers.standard.hooks.subprocess.SubprocessHook"}
{"timestamp":"2025-05-12T10:38:01.189992","level":"info","event":"  compiled code at target/run/***_pricing/models/example/schema.yml/not_null_my_second_dbt_model_id.sql","logger":"airflow.task.hooks.airflow.providers.standard.hooks.subprocess.SubprocessHook"}
{"timestamp":"2025-05-12T10:38:01.190110","level":"info","event":"\u001b[0m10:38:01","logger":"airflow.task.hooks.airflow.providers.standard.hooks.subprocess.SubprocessHook"}
{"timestamp":"2025-05-12T10:38:01.190415","level":"info","event":"\u001b[0m10:38:01    Database Error in test unique_my_first_dbt_model_id (models/example/schema.yml)","logger":"airflow.task.hooks.airflow.providers.standard.hooks.subprocess.SubprocessHook"}
{"timestamp":"2025-05-12T10:38:01.190477","level":"info","event":"  relation \"raw.my_first_dbt_model\" does not exist","logger":"airflow.task.hooks.airflow.providers.standard.hooks.subprocess.SubprocessHook"}
{"timestamp":"2025-05-12T10:38:01.190513","level":"info","event":"  LINE 15: from \"challenge_db\".\"raw\".\"my_first_dbt_model\"","logger":"airflow.task.hooks.airflow.providers.standard.hooks.subprocess.SubprocessHook"}
{"timestamp":"2025-05-12T10:38:01.190545","level":"info","event":"                ^","logger":"airflow.task.hooks.airflow.providers.standard.hooks.subprocess.SubprocessHook"}
{"timestamp":"2025-05-12T10:38:01.190576","level":"info","event":"  compiled code at target/run/***_pricing/models/example/schema.yml/unique_my_first_dbt_model_id.sql","logger":"airflow.task.hooks.airflow.providers.standard.hooks.subprocess.SubprocessHook"}
{"timestamp":"2025-05-12T10:38:01.190712","level":"info","event":"\u001b[0m10:38:01","logger":"airflow.task.hooks.airflow.providers.standard.hooks.subprocess.SubprocessHook"}
{"timestamp":"2025-05-12T10:38:01.191098","level":"info","event":"\u001b[0m10:38:01    Database Error in test unique_my_second_dbt_model_id (models/example/schema.yml)","logger":"airflow.task.hooks.airflow.providers.standard.hooks.subprocess.SubprocessHook"}
{"timestamp":"2025-05-12T10:38:01.191162","level":"info","event":"  relation \"raw.my_second_dbt_model\" does not exist","logger":"airflow.task.hooks.airflow.providers.standard.hooks.subprocess.SubprocessHook"}
{"timestamp":"2025-05-12T10:38:01.191201","level":"info","event":"  LINE 15: from \"challenge_db\".\"raw\".\"my_second_dbt_model\"","logger":"airflow.task.hooks.airflow.providers.standard.hooks.subprocess.SubprocessHook"}
{"timestamp":"2025-05-12T10:38:01.191234","level":"info","event":"                ^","logger":"airflow.task.hooks.airflow.providers.standard.hooks.subprocess.SubprocessHook"}
{"timestamp":"2025-05-12T10:38:01.191268","level":"info","event":"  compiled code at target/run/***_pricing/models/example/schema.yml/unique_my_second_dbt_model_id.sql","logger":"airflow.task.hooks.airflow.providers.standard.hooks.subprocess.SubprocessHook"}
{"timestamp":"2025-05-12T10:38:01.191355","level":"info","event":"\u001b[0m10:38:01","logger":"airflow.task.hooks.airflow.providers.standard.hooks.subprocess.SubprocessHook"}
{"timestamp":"2025-05-12T10:38:01.191744","level":"info","event":"\u001b[0m10:38:01  Done. PASS=0 WARN=0 ERROR=4 SKIP=0 TOTAL=4","logger":"airflow.task.hooks.airflow.providers.standard.hooks.subprocess.SubprocessHook"}
{"timestamp":"2025-05-12T10:38:01.818152","level":"info","event":"Command exited with return code 1","logger":"airflow.task.hooks.airflow.providers.standard.hooks.subprocess.SubprocessHook"}
{"timestamp":"2025-05-12T10:38:01.818717","level":"error","event":"Task failed with exception","logger":"task","error_detail":[{"exc_type":"AirflowException","exc_value":"Bash command failed. The command returned a non-zero exit code 1.","exc_notes":[],"syntax_error":null,"is_cause":false,"frames":[{"filename":"/home/ilies/***_data_engineer_case_study/data_engineer_case_study/case_venv/lib/python3.10/site-packages/airflow/sdk/execution_time/task_runner.py","lineno":825,"name":"run"},{"filename":"/home/ilies/***_data_engineer_case_study/data_engineer_case_study/case_venv/lib/python3.10/site-packages/airflow/sdk/execution_time/task_runner.py","lineno":1088,"name":"_execute_task"},{"filename":"/home/ilies/***_data_engineer_case_study/data_engineer_case_study/case_venv/lib/python3.10/site-packages/airflow/sdk/bases/operator.py","lineno":408,"name":"wrapper"},{"filename":"/home/ilies/***_data_engineer_case_study/data_engineer_case_study/case_venv/lib/python3.10/site-packages/airflow/providers/standard/operators/bash.py","lineno":233,"name":"execute"}]}]}
