{"timestamp":"2025-05-12T10:38:07.643351","level":"info","event":"DAG bundles loaded: dags-folder","logger":"airflow.dag_processing.bundles.manager.DagBundlesManager"}
{"timestamp":"2025-05-12T10:38:07.643945","level":"info","event":"Filling up the DagBag from /home/ilies/octopus_data_engineer_case_study/data_engineer_case_study/airflow/dags/octopus_pricing_pipeline.py","logger":"airflow.models.dagbag.DagBag"}
{"timestamp":"2025-05-12T10:38:08.040772","level":"info","event":"Secrets backends loaded for worker","count":1,"backend_classes":["EnvironmentVariablesBackend"],"logger":"supervisor"}
{"timestamp":"2025-05-12T10:38:08.049896","level":"info","event":"Secrets backends loaded for worker","count":1,"backend_classes":["EnvironmentVariablesBackend"],"logger":"supervisor"}
{"timestamp":"2025-05-12T10:38:08.057758","level":"info","event":"Connection Retrieved 'staging_postgres'","logger":"airflow.hooks.base"}
{"timestamp":"2025-05-12T10:38:08.065269","level":"info","event":"Tmp dir root location: /tmp","logger":"airflow.task.hooks.airflow.providers.standard.hooks.subprocess.SubprocessHook"}
{"timestamp":"2025-05-12T10:38:08.066080","level":"info","event":"Running command: ['/usr/bin/bash', '-c', 'cd /home/ilies/***_data_engineer_case_study/data_engineer_case_study/***_pricing && dbt run --models staging_* marts_* && dbt test']","logger":"airflow.task.hooks.airflow.providers.standard.hooks.subprocess.SubprocessHook"}
{"timestamp":"2025-05-12T10:38:08.072676","level":"info","event":"Output:","logger":"airflow.task.hooks.airflow.providers.standard.hooks.subprocess.SubprocessHook"}
{"timestamp":"2025-05-12T10:38:09.327759","level":"info","event":"\u001b[0m10:38:09  Running with dbt=1.9.4","logger":"airflow.task.hooks.airflow.providers.standard.hooks.subprocess.SubprocessHook"}
{"timestamp":"2025-05-12T10:38:09.528084","level":"info","event":"\u001b[0m10:38:09  Registered adapter: postgres=1.9.0","logger":"airflow.task.hooks.airflow.providers.standard.hooks.subprocess.SubprocessHook"}
{"timestamp":"2025-05-12T10:38:09.773888","level":"info","event":"\u001b[0m10:38:09  Found 2 models, 4 data tests, 433 macros","logger":"airflow.task.hooks.airflow.providers.standard.hooks.subprocess.SubprocessHook"}
{"timestamp":"2025-05-12T10:38:09.774743","level":"info","event":"\u001b[0m10:38:09  The selection criterion 'staging_*' does not match any enabled nodes","logger":"airflow.task.hooks.airflow.providers.standard.hooks.subprocess.SubprocessHook"}
{"timestamp":"2025-05-12T10:38:09.775171","level":"info","event":"\u001b[0m10:38:09  The selection criterion 'marts_*' does not match any enabled nodes","logger":"airflow.task.hooks.airflow.providers.standard.hooks.subprocess.SubprocessHook"}
{"timestamp":"2025-05-12T10:38:09.776057","level":"info","event":"\u001b[0m10:38:09  Nothing to do. Try checking your model configs and model specification args","logger":"airflow.task.hooks.airflow.providers.standard.hooks.subprocess.SubprocessHook"}
{"timestamp":"2025-05-12T10:38:11.744114","level":"info","event":"\u001b[0m10:38:11  Running with dbt=1.9.4","logger":"airflow.task.hooks.airflow.providers.standard.hooks.subprocess.SubprocessHook"}
{"timestamp":"2025-05-12T10:38:11.962841","level":"info","event":"\u001b[0m10:38:11  Registered adapter: postgres=1.9.0","logger":"airflow.task.hooks.airflow.providers.standard.hooks.subprocess.SubprocessHook"}
{"timestamp":"2025-05-12T10:38:12.211466","level":"info","event":"\u001b[0m10:38:12  Found 2 models, 4 data tests, 433 macros","logger":"airflow.task.hooks.airflow.providers.standard.hooks.subprocess.SubprocessHook"}
{"timestamp":"2025-05-12T10:38:12.213226","level":"info","event":"\u001b[0m10:38:12","logger":"airflow.task.hooks.airflow.providers.standard.hooks.subprocess.SubprocessHook"}
{"timestamp":"2025-05-12T10:38:12.213595","level":"info","event":"\u001b[0m10:38:12  Concurrency: 1 threads (target='dev')","logger":"airflow.task.hooks.airflow.providers.standard.hooks.subprocess.SubprocessHook"}
{"timestamp":"2025-05-12T10:38:12.214121","level":"info","event":"\u001b[0m10:38:12","logger":"airflow.task.hooks.airflow.providers.standard.hooks.subprocess.SubprocessHook"}
{"timestamp":"2025-05-12T10:38:12.334474","level":"info","event":"\u001b[0m10:38:12  1 of 4 START test not_null_my_first_dbt_model_id ............................... [RUN]","logger":"airflow.task.hooks.airflow.providers.standard.hooks.subprocess.SubprocessHook"}
{"timestamp":"2025-05-12T10:38:12.379309","level":"info","event":"\u001b[0m10:38:12  1 of 4 ERROR not_null_my_first_dbt_model_id .................................... [\u001b[31mERROR\u001b[0m in 0.04s]","logger":"airflow.task.hooks.airflow.providers.standard.hooks.subprocess.SubprocessHook"}
{"timestamp":"2025-05-12T10:38:12.381144","level":"info","event":"\u001b[0m10:38:12  2 of 4 START test not_null_my_second_dbt_model_id .............................. [RUN]","logger":"airflow.task.hooks.airflow.providers.standard.hooks.subprocess.SubprocessHook"}
{"timestamp":"2025-05-12T10:38:12.400687","level":"info","event":"\u001b[0m10:38:12  2 of 4 ERROR not_null_my_second_dbt_model_id ................................... [\u001b[31mERROR\u001b[0m in 0.02s]","logger":"airflow.task.hooks.airflow.providers.standard.hooks.subprocess.SubprocessHook"}
{"timestamp":"2025-05-12T10:38:12.402409","level":"info","event":"\u001b[0m10:38:12  3 of 4 START test unique_my_first_dbt_model_id ................................. [RUN]","logger":"airflow.task.hooks.airflow.providers.standard.hooks.subprocess.SubprocessHook"}
{"timestamp":"2025-05-12T10:38:12.423127","level":"info","event":"\u001b[0m10:38:12  3 of 4 ERROR unique_my_first_dbt_model_id ...................................... [\u001b[31mERROR\u001b[0m in 0.02s]","logger":"airflow.task.hooks.airflow.providers.standard.hooks.subprocess.SubprocessHook"}
{"timestamp":"2025-05-12T10:38:12.425091","level":"info","event":"\u001b[0m10:38:12  4 of 4 START test unique_my_second_dbt_model_id ................................ [RUN]","logger":"airflow.task.hooks.airflow.providers.standard.hooks.subprocess.SubprocessHook"}
{"timestamp":"2025-05-12T10:38:12.445941","level":"info","event":"\u001b[0m10:38:12  4 of 4 ERROR unique_my_second_dbt_model_id ..................................... [\u001b[31mERROR\u001b[0m in 0.02s]","logger":"airflow.task.hooks.airflow.providers.standard.hooks.subprocess.SubprocessHook"}
{"timestamp":"2025-05-12T10:38:12.458038","level":"info","event":"\u001b[0m10:38:12","logger":"airflow.task.hooks.airflow.providers.standard.hooks.subprocess.SubprocessHook"}
{"timestamp":"2025-05-12T10:38:12.458284","level":"info","event":"\u001b[0m10:38:12  Finished running 4 data tests in 0 hours 0 minutes and 0.24 seconds (0.24s).","logger":"airflow.task.hooks.airflow.providers.standard.hooks.subprocess.SubprocessHook"}
{"timestamp":"2025-05-12T10:38:12.485299","level":"info","event":"\u001b[0m10:38:12","logger":"airflow.task.hooks.airflow.providers.standard.hooks.subprocess.SubprocessHook"}
{"timestamp":"2025-05-12T10:38:12.485568","level":"info","event":"\u001b[0m10:38:12  \u001b[31mCompleted with 4 errors, 0 partial successes, and 0 warnings:\u001b[0m","logger":"airflow.task.hooks.airflow.providers.standard.hooks.subprocess.SubprocessHook"}
{"timestamp":"2025-05-12T10:38:12.485871","level":"info","event":"\u001b[0m10:38:12","logger":"airflow.task.hooks.airflow.providers.standard.hooks.subprocess.SubprocessHook"}
{"timestamp":"2025-05-12T10:38:12.486256","level":"info","event":"\u001b[0m10:38:12    Database Error in test not_null_my_first_dbt_model_id (models/example/schema.yml)","logger":"airflow.task.hooks.airflow.providers.standard.hooks.subprocess.SubprocessHook"}
{"timestamp":"2025-05-12T10:38:12.486332","level":"info","event":"  relation \"raw.my_first_dbt_model\" does not exist","logger":"airflow.task.hooks.airflow.providers.standard.hooks.subprocess.SubprocessHook"}
{"timestamp":"2025-05-12T10:38:12.486377","level":"info","event":"  LINE 14: from \"challenge_db\".\"raw\".\"my_first_dbt_model\"","logger":"airflow.task.hooks.airflow.providers.standard.hooks.subprocess.SubprocessHook"}
{"timestamp":"2025-05-12T10:38:12.486410","level":"info","event":"                ^","logger":"airflow.task.hooks.airflow.providers.standard.hooks.subprocess.SubprocessHook"}
{"timestamp":"2025-05-12T10:38:12.486444","level":"info","event":"  compiled code at target/run/***_pricing/models/example/schema.yml/not_null_my_first_dbt_model_id.sql","logger":"airflow.task.hooks.airflow.providers.standard.hooks.subprocess.SubprocessHook"}
{"timestamp":"2025-05-12T10:38:12.486514","level":"info","event":"\u001b[0m10:38:12","logger":"airflow.task.hooks.airflow.providers.standard.hooks.subprocess.SubprocessHook"}
{"timestamp":"2025-05-12T10:38:12.486866","level":"info","event":"\u001b[0m10:38:12    Database Error in test not_null_my_second_dbt_model_id (models/example/schema.yml)","logger":"airflow.task.hooks.airflow.providers.standard.hooks.subprocess.SubprocessHook"}
{"timestamp":"2025-05-12T10:38:12.486924","level":"info","event":"  relation \"raw.my_second_dbt_model\" does not exist","logger":"airflow.task.hooks.airflow.providers.standard.hooks.subprocess.SubprocessHook"}
{"timestamp":"2025-05-12T10:38:12.486966","level":"info","event":"  LINE 14: from \"challenge_db\".\"raw\".\"my_second_dbt_model\"","logger":"airflow.task.hooks.airflow.providers.standard.hooks.subprocess.SubprocessHook"}
{"timestamp":"2025-05-12T10:38:12.487001","level":"info","event":"                ^","logger":"airflow.task.hooks.airflow.providers.standard.hooks.subprocess.SubprocessHook"}
{"timestamp":"2025-05-12T10:38:12.487034","level":"info","event":"  compiled code at target/run/***_pricing/models/example/schema.yml/not_null_my_second_dbt_model_id.sql","logger":"airflow.task.hooks.airflow.providers.standard.hooks.subprocess.SubprocessHook"}
{"timestamp":"2025-05-12T10:38:12.487135","level":"info","event":"\u001b[0m10:38:12","logger":"airflow.task.hooks.airflow.providers.standard.hooks.subprocess.SubprocessHook"}
{"timestamp":"2025-05-12T10:38:12.487443","level":"info","event":"\u001b[0m10:38:12    Database Error in test unique_my_first_dbt_model_id (models/example/schema.yml)","logger":"airflow.task.hooks.airflow.providers.standard.hooks.subprocess.SubprocessHook"}
{"timestamp":"2025-05-12T10:38:12.487500","level":"info","event":"  relation \"raw.my_first_dbt_model\" does not exist","logger":"airflow.task.hooks.airflow.providers.standard.hooks.subprocess.SubprocessHook"}
{"timestamp":"2025-05-12T10:38:12.487537","level":"info","event":"  LINE 15: from \"challenge_db\".\"raw\".\"my_first_dbt_model\"","logger":"airflow.task.hooks.airflow.providers.standard.hooks.subprocess.SubprocessHook"}
{"timestamp":"2025-05-12T10:38:12.487571","level":"info","event":"                ^","logger":"airflow.task.hooks.airflow.providers.standard.hooks.subprocess.SubprocessHook"}
{"timestamp":"2025-05-12T10:38:12.487604","level":"info","event":"  compiled code at target/run/***_pricing/models/example/schema.yml/unique_my_first_dbt_model_id.sql","logger":"airflow.task.hooks.airflow.providers.standard.hooks.subprocess.SubprocessHook"}
{"timestamp":"2025-05-12T10:38:12.487737","level":"info","event":"\u001b[0m10:38:12","logger":"airflow.task.hooks.airflow.providers.standard.hooks.subprocess.SubprocessHook"}
{"timestamp":"2025-05-12T10:38:12.488040","level":"info","event":"\u001b[0m10:38:12    Database Error in test unique_my_second_dbt_model_id (models/example/schema.yml)","logger":"airflow.task.hooks.airflow.providers.standard.hooks.subprocess.SubprocessHook"}
{"timestamp":"2025-05-12T10:38:12.488096","level":"info","event":"  relation \"raw.my_second_dbt_model\" does not exist","logger":"airflow.task.hooks.airflow.providers.standard.hooks.subprocess.SubprocessHook"}
{"timestamp":"2025-05-12T10:38:12.488207","level":"info","event":"  LINE 15: from \"challenge_db\".\"raw\".\"my_second_dbt_model\"","logger":"airflow.task.hooks.airflow.providers.standard.hooks.subprocess.SubprocessHook"}
{"timestamp":"2025-05-12T10:38:12.488283","level":"info","event":"                ^","logger":"airflow.task.hooks.airflow.providers.standard.hooks.subprocess.SubprocessHook"}
{"timestamp":"2025-05-12T10:38:12.488321","level":"info","event":"  compiled code at target/run/***_pricing/models/example/schema.yml/unique_my_second_dbt_model_id.sql","logger":"airflow.task.hooks.airflow.providers.standard.hooks.subprocess.SubprocessHook"}
{"timestamp":"2025-05-12T10:38:12.488357","level":"info","event":"\u001b[0m10:38:12","logger":"airflow.task.hooks.airflow.providers.standard.hooks.subprocess.SubprocessHook"}
{"timestamp":"2025-05-12T10:38:12.488571","level":"info","event":"\u001b[0m10:38:12  Done. PASS=0 WARN=0 ERROR=4 SKIP=0 TOTAL=4","logger":"airflow.task.hooks.airflow.providers.standard.hooks.subprocess.SubprocessHook"}
{"timestamp":"2025-05-12T10:38:13.155526","level":"info","event":"Command exited with return code 1","logger":"airflow.task.hooks.airflow.providers.standard.hooks.subprocess.SubprocessHook"}
{"timestamp":"2025-05-12T10:38:13.156712","level":"error","event":"Task failed with exception","logger":"task","error_detail":[{"exc_type":"AirflowException","exc_value":"Bash command failed. The command returned a non-zero exit code 1.","exc_notes":[],"syntax_error":null,"is_cause":false,"frames":[{"filename":"/home/ilies/***_data_engineer_case_study/data_engineer_case_study/case_venv/lib/python3.10/site-packages/airflow/sdk/execution_time/task_runner.py","lineno":825,"name":"run"},{"filename":"/home/ilies/***_data_engineer_case_study/data_engineer_case_study/case_venv/lib/python3.10/site-packages/airflow/sdk/execution_time/task_runner.py","lineno":1088,"name":"_execute_task"},{"filename":"/home/ilies/***_data_engineer_case_study/data_engineer_case_study/case_venv/lib/python3.10/site-packages/airflow/sdk/bases/operator.py","lineno":408,"name":"wrapper"},{"filename":"/home/ilies/***_data_engineer_case_study/data_engineer_case_study/case_venv/lib/python3.10/site-packages/airflow/providers/standard/operators/bash.py","lineno":233,"name":"execute"}]}]}
