{"timestamp":"2025-05-12T17:57:57.457329","level":"info","event":"DAG bundles loaded: dags-folder","logger":"airflow.dag_processing.bundles.manager.DagBundlesManager"}
{"timestamp":"2025-05-12T17:57:57.457890","level":"info","event":"Filling up the DagBag from /home/ilies/octopus_data_engineer_case_study/data_engineer_case_study/airflow/dags/octopus_pricing_pipeline.py","logger":"airflow.models.dagbag.DagBag"}
{"timestamp":"2025-05-12T17:57:57.659329","level":"info","event":"Secrets backends loaded for worker","count":1,"backend_classes":["EnvironmentVariablesBackend"],"logger":"supervisor"}
{"timestamp":"2025-05-12T17:57:57.667262","level":"info","event":"Secrets backends loaded for worker","count":1,"backend_classes":["EnvironmentVariablesBackend"],"logger":"supervisor"}
{"timestamp":"2025-05-12T17:57:57.674643","level":"info","event":"Secrets backends loaded for worker","count":1,"backend_classes":["EnvironmentVariablesBackend"],"logger":"supervisor"}
{"timestamp":"2025-05-12T17:57:57.681510","level":"info","event":"Connection Retrieved 'staging_postgres'","logger":"airflow.hooks.base"}
{"timestamp":"2025-05-12T17:57:57.689903","level":"info","event":"Tmp dir root location: /tmp","logger":"airflow.task.hooks.airflow.providers.standard.hooks.subprocess.SubprocessHook"}
{"timestamp":"2025-05-12T17:57:57.690689","level":"info","event":"Running command: ['/usr/bin/bash', '-c', 'cd ***/***_pricing && dbt run --models final_analytics_table']","logger":"airflow.task.hooks.airflow.providers.standard.hooks.subprocess.SubprocessHook"}
{"timestamp":"2025-05-12T17:57:57.697778","level":"info","event":"Output:","logger":"airflow.task.hooks.airflow.providers.standard.hooks.subprocess.SubprocessHook"}
{"timestamp":"2025-05-12T17:57:58.832307","level":"info","event":"\u001b[0m17:57:58  Running with dbt=1.9.4","logger":"airflow.task.hooks.airflow.providers.standard.hooks.subprocess.SubprocessHook"}
{"timestamp":"2025-05-12T17:57:59.040304","level":"info","event":"\u001b[0m17:57:59  Registered adapter: postgres=1.9.0","logger":"airflow.task.hooks.airflow.providers.standard.hooks.subprocess.SubprocessHook"}
{"timestamp":"2025-05-12T17:57:59.644168","level":"info","event":"\u001b[0m17:57:59  Found 4 models, 4 sources, 433 macros","logger":"airflow.task.hooks.airflow.providers.standard.hooks.subprocess.SubprocessHook"}
{"timestamp":"2025-05-12T17:57:59.646548","level":"info","event":"\u001b[0m17:57:59","logger":"airflow.task.hooks.airflow.providers.standard.hooks.subprocess.SubprocessHook"}
{"timestamp":"2025-05-12T17:57:59.647074","level":"info","event":"\u001b[0m17:57:59  Concurrency: 4 threads (target='dev')","logger":"airflow.task.hooks.airflow.providers.standard.hooks.subprocess.SubprocessHook"}
{"timestamp":"2025-05-12T17:57:59.647331","level":"info","event":"\u001b[0m17:57:59","logger":"airflow.task.hooks.airflow.providers.standard.hooks.subprocess.SubprocessHook"}
{"timestamp":"2025-05-12T17:57:59.738235","level":"info","event":"\u001b[0m17:57:59  1 of 1 START sql table model analytics.final_analytics_table ................... [RUN]","logger":"airflow.task.hooks.airflow.providers.standard.hooks.subprocess.SubprocessHook"}
{"timestamp":"2025-05-12T17:57:59.796290","level":"info","event":"\u001b[0m17:57:59  1 of 1 ERROR creating sql table model analytics.final_analytics_table .......... [\u001b[31mERROR\u001b[0m in 0.06s]","logger":"airflow.task.hooks.airflow.providers.standard.hooks.subprocess.SubprocessHook"}
{"timestamp":"2025-05-12T17:57:59.809417","level":"info","event":"\u001b[0m17:57:59","logger":"airflow.task.hooks.airflow.providers.standard.hooks.subprocess.SubprocessHook"}
{"timestamp":"2025-05-12T17:57:59.809673","level":"info","event":"\u001b[0m17:57:59  Finished running 1 table model in 0 hours 0 minutes and 0.16 seconds (0.16s).","logger":"airflow.task.hooks.airflow.providers.standard.hooks.subprocess.SubprocessHook"}
{"timestamp":"2025-05-12T17:57:59.837407","level":"info","event":"\u001b[0m17:57:59","logger":"airflow.task.hooks.airflow.providers.standard.hooks.subprocess.SubprocessHook"}
{"timestamp":"2025-05-12T17:57:59.837685","level":"info","event":"\u001b[0m17:57:59  \u001b[31mCompleted with 1 error, 0 partial successes, and 0 warnings:\u001b[0m","logger":"airflow.task.hooks.airflow.providers.standard.hooks.subprocess.SubprocessHook"}
{"timestamp":"2025-05-12T17:57:59.837984","level":"info","event":"\u001b[0m17:57:59","logger":"airflow.task.hooks.airflow.providers.standard.hooks.subprocess.SubprocessHook"}
{"timestamp":"2025-05-12T17:57:59.838416","level":"info","event":"\u001b[0m17:57:59    Database Error in model final_analytics_table (models/final_analytics_table.sql)","logger":"airflow.task.hooks.airflow.providers.standard.hooks.subprocess.SubprocessHook"}
{"timestamp":"2025-05-12T17:57:59.838514","level":"info","event":"  syntax error at or near \"FROM\"","logger":"airflow.task.hooks.airflow.providers.standard.hooks.subprocess.SubprocessHook"}
{"timestamp":"2025-05-12T17:57:59.838566","level":"info","event":"  LINE 18:     FROM \"challenge_db\".\"raw_data\".\"network_costs\"","logger":"airflow.task.hooks.airflow.providers.standard.hooks.subprocess.SubprocessHook"}
{"timestamp":"2025-05-12T17:57:59.838605","level":"info","event":"               ^","logger":"airflow.task.hooks.airflow.providers.standard.hooks.subprocess.SubprocessHook"}
{"timestamp":"2025-05-12T17:57:59.838674","level":"info","event":"  compiled code at target/run/***_pricing/models/final_analytics_table.sql","logger":"airflow.task.hooks.airflow.providers.standard.hooks.subprocess.SubprocessHook"}
{"timestamp":"2025-05-12T17:57:59.838718","level":"info","event":"\u001b[0m17:57:59","logger":"airflow.task.hooks.airflow.providers.standard.hooks.subprocess.SubprocessHook"}
{"timestamp":"2025-05-12T17:57:59.838956","level":"info","event":"\u001b[0m17:57:59  Done. PASS=0 WARN=0 ERROR=1 SKIP=0 TOTAL=1","logger":"airflow.task.hooks.airflow.providers.standard.hooks.subprocess.SubprocessHook"}
{"timestamp":"2025-05-12T17:58:00.477232","level":"info","event":"Command exited with return code 1","logger":"airflow.task.hooks.airflow.providers.standard.hooks.subprocess.SubprocessHook"}
{"timestamp":"2025-05-12T17:58:00.477670","level":"error","event":"Task failed with exception","logger":"task","error_detail":[{"exc_type":"AirflowException","exc_value":"Bash command failed. The command returned a non-zero exit code 1.","exc_notes":[],"syntax_error":null,"is_cause":false,"frames":[{"filename":"***/case_venv/lib/python3.10/site-packages/airflow/sdk/execution_time/task_runner.py","lineno":825,"name":"run"},{"filename":"***/case_venv/lib/python3.10/site-packages/airflow/sdk/execution_time/task_runner.py","lineno":1088,"name":"_execute_task"},{"filename":"***/case_venv/lib/python3.10/site-packages/airflow/sdk/bases/operator.py","lineno":408,"name":"wrapper"},{"filename":"***/case_venv/lib/python3.10/site-packages/airflow/providers/standard/operators/bash.py","lineno":233,"name":"execute"}]}]}
