{"timestamp":"2025-05-12T22:56:44.769029","level":"info","event":"DAG bundles loaded: dags-folder","logger":"airflow.dag_processing.bundles.manager.DagBundlesManager"}
{"timestamp":"2025-05-12T22:56:44.769999","level":"info","event":"Filling up the DagBag from /home/ilies/octopus_data_engineer_case_study/data_engineer_case_study/airflow/dags/octopus_pricing_pipeline.py","logger":"airflow.models.dagbag.DagBag"}
{"timestamp":"2025-05-12T22:56:45.388178","level":"info","event":"Secrets backends loaded for worker","count":1,"backend_classes":["EnvironmentVariablesBackend"],"logger":"supervisor"}
{"timestamp":"2025-05-12T22:56:45.398023","level":"info","event":"Secrets backends loaded for worker","count":1,"backend_classes":["EnvironmentVariablesBackend"],"logger":"supervisor"}
{"timestamp":"2025-05-12T22:56:45.410878","level":"info","event":"Secrets backends loaded for worker","count":1,"backend_classes":["EnvironmentVariablesBackend"],"logger":"supervisor"}
{"timestamp":"2025-05-12T22:56:45.421617","level":"info","event":"Connection Retrieved 'staging_postgres'","logger":"airflow.hooks.base"}
{"timestamp":"2025-05-12T22:56:45.433579","level":"info","event":"Triggering Dag Run.","trigger_dag_id":"***_pricing_pipeline","logger":"task"}
{"timestamp":"2025-05-12T22:56:45.505344","level":"info","event":"Dag Run triggered successfully.","trigger_dag_id":"***_pricing_pipeline","logger":"task"}
{"timestamp":"2025-05-12T22:56:45.505700","level":"info","event":"Waiting for dag run to complete execution in allowed state.","dag_id":"***_pricing_pipeline","run_id":"manual__2025-05-12T22:56:45.433343+00:00","allowed_state":["success"],"logger":"task"}
{"timestamp":"2025-05-12T22:57:45.570778","level":"info","event":"Waiting for dag run to complete execution in allowed state.","dag_id":"***_pricing_pipeline","run_id":"manual__2025-05-12T22:56:45.433343+00:00","allowed_state":["success"],"logger":"task"}
{"timestamp":"2025-05-12T22:58:45.637025","level":"info","event":"Waiting for dag run to complete execution in allowed state.","dag_id":"***_pricing_pipeline","run_id":"manual__2025-05-12T22:56:45.433343+00:00","allowed_state":["success"],"logger":"task"}
{"timestamp":"2025-05-12T22:59:45.675810","level":"info","event":"Waiting for dag run to complete execution in allowed state.","dag_id":"***_pricing_pipeline","run_id":"manual__2025-05-12T22:56:45.433343+00:00","allowed_state":["success"],"logger":"task"}
{"timestamp":"2025-05-12T23:00:45.715166","level":"info","event":"Waiting for dag run to complete execution in allowed state.","dag_id":"***_pricing_pipeline","run_id":"manual__2025-05-12T22:56:45.433343+00:00","allowed_state":["success"],"logger":"task"}
{"timestamp":"2025-05-12T23:01:45.780993","level":"info","event":"Waiting for dag run to complete execution in allowed state.","dag_id":"***_pricing_pipeline","run_id":"manual__2025-05-12T22:56:45.433343+00:00","allowed_state":["success"],"logger":"task"}
{"timestamp":"2025-05-12T23:02:45.841727","level":"info","event":"Waiting for dag run to complete execution in allowed state.","dag_id":"***_pricing_pipeline","run_id":"manual__2025-05-12T22:56:45.433343+00:00","allowed_state":["success"],"logger":"task"}
{"timestamp":"2025-05-12T23:03:45.896008","level":"info","event":"Waiting for dag run to complete execution in allowed state.","dag_id":"***_pricing_pipeline","run_id":"manual__2025-05-12T22:56:45.433343+00:00","allowed_state":["success"],"logger":"task"}
{"timestamp":"2025-05-12T23:04:45.953943","level":"info","event":"Waiting for dag run to complete execution in allowed state.","dag_id":"***_pricing_pipeline","run_id":"manual__2025-05-12T22:56:45.433343+00:00","allowed_state":["success"],"logger":"task"}
{"timestamp":"2025-05-12T23:05:46.026487","level":"info","event":"Waiting for dag run to complete execution in allowed state.","dag_id":"***_pricing_pipeline","run_id":"manual__2025-05-12T22:56:45.433343+00:00","allowed_state":["success"],"logger":"task"}
{"timestamp":"2025-05-12T23:06:46.072308","level":"info","event":"Waiting for dag run to complete execution in allowed state.","dag_id":"***_pricing_pipeline","run_id":"manual__2025-05-12T22:56:45.433343+00:00","allowed_state":["success"],"logger":"task"}
{"timestamp":"2025-05-12T23:06:56.107153Z","level":"error","event":"Server indicated the task shouldn't be running anymore. Terminating process","detail":{"detail":{"reason":"not_found","message":"Task Instance not found"}},"logger":"task"}
{"timestamp":"2025-05-12T23:06:56.115721Z","level":"error","event":"Task killed!","logger":"task"}
