{"timestamp":"2025-05-12T22:56:37.447251","level":"info","event":"DAG bundles loaded: dags-folder","logger":"airflow.dag_processing.bundles.manager.DagBundlesManager"}
{"timestamp":"2025-05-12T22:56:37.448350","level":"info","event":"Filling up the DagBag from /home/ilies/octopus_data_engineer_case_study/data_engineer_case_study/airflow/dags/octopus_pricing_pipeline.py","logger":"airflow.models.dagbag.DagBag"}
{"timestamp":"2025-05-12T22:56:38.005277","level":"info","event":"Secrets backends loaded for worker","count":1,"backend_classes":["EnvironmentVariablesBackend"],"logger":"supervisor"}
{"timestamp":"2025-05-12T22:56:38.014883","level":"info","event":"Secrets backends loaded for worker","count":1,"backend_classes":["EnvironmentVariablesBackend"],"logger":"supervisor"}
{"timestamp":"2025-05-12T22:56:38.026325","level":"info","event":"Secrets backends loaded for worker","count":1,"backend_classes":["EnvironmentVariablesBackend"],"logger":"supervisor"}
{"timestamp":"2025-05-12T22:56:38.036177","level":"info","event":"Connection Retrieved 'staging_postgres'","logger":"airflow.hooks.base"}
{"timestamp":"2025-05-12T22:56:38.054617","level":"info","event":"Triggering Dag Run.","trigger_dag_id":"***_pricing_pipeline","logger":"task"}
{"timestamp":"2025-05-12T22:56:38.384786","level":"info","event":"Dag Run triggered successfully.","trigger_dag_id":"***_pricing_pipeline","logger":"task"}
{"timestamp":"2025-05-12T22:56:38.385256","level":"info","event":"Waiting for dag run to complete execution in allowed state.","dag_id":"***_pricing_pipeline","run_id":"manual__2025-05-12T22:56:38.054395+00:00","allowed_state":["success"],"logger":"task"}
{"timestamp":"2025-05-12T22:57:38.403835","level":"info","event":"Waiting for dag run to complete execution in allowed state.","dag_id":"***_pricing_pipeline","run_id":"manual__2025-05-12T22:56:38.054395+00:00","allowed_state":["success"],"logger":"task"}
{"timestamp":"2025-05-12T22:58:38.468998","level":"info","event":"Waiting for dag run to complete execution in allowed state.","dag_id":"***_pricing_pipeline","run_id":"manual__2025-05-12T22:56:38.054395+00:00","allowed_state":["success"],"logger":"task"}
{"timestamp":"2025-05-12T22:59:38.475896","level":"info","event":"Waiting for dag run to complete execution in allowed state.","dag_id":"***_pricing_pipeline","run_id":"manual__2025-05-12T22:56:38.054395+00:00","allowed_state":["success"],"logger":"task"}
{"timestamp":"2025-05-12T23:00:38.537700","level":"info","event":"Waiting for dag run to complete execution in allowed state.","dag_id":"***_pricing_pipeline","run_id":"manual__2025-05-12T22:56:38.054395+00:00","allowed_state":["success"],"logger":"task"}
{"timestamp":"2025-05-12T23:01:38.555299","level":"info","event":"Waiting for dag run to complete execution in allowed state.","dag_id":"***_pricing_pipeline","run_id":"manual__2025-05-12T22:56:38.054395+00:00","allowed_state":["success"],"logger":"task"}
{"timestamp":"2025-05-12T23:02:38.568789","level":"info","event":"Waiting for dag run to complete execution in allowed state.","dag_id":"***_pricing_pipeline","run_id":"manual__2025-05-12T22:56:38.054395+00:00","allowed_state":["success"],"logger":"task"}
{"timestamp":"2025-05-12T23:03:38.630627","level":"info","event":"Waiting for dag run to complete execution in allowed state.","dag_id":"***_pricing_pipeline","run_id":"manual__2025-05-12T22:56:38.054395+00:00","allowed_state":["success"],"logger":"task"}
{"timestamp":"2025-05-12T23:04:38.712379","level":"info","event":"Waiting for dag run to complete execution in allowed state.","dag_id":"***_pricing_pipeline","run_id":"manual__2025-05-12T22:56:38.054395+00:00","allowed_state":["success"],"logger":"task"}
{"timestamp":"2025-05-12T23:05:38.754581","level":"info","event":"Waiting for dag run to complete execution in allowed state.","dag_id":"***_pricing_pipeline","run_id":"manual__2025-05-12T22:56:38.054395+00:00","allowed_state":["success"],"logger":"task"}
{"timestamp":"2025-05-12T23:06:38.819461","level":"info","event":"Waiting for dag run to complete execution in allowed state.","dag_id":"***_pricing_pipeline","run_id":"manual__2025-05-12T22:56:38.054395+00:00","allowed_state":["success"],"logger":"task"}
{"timestamp":"2025-05-12T23:06:53.892795Z","level":"error","event":"Server indicated the task shouldn't be running anymore. Terminating process","detail":{"detail":{"reason":"not_found","message":"Task Instance not found"}},"logger":"task"}
{"timestamp":"2025-05-12T23:06:53.903710Z","level":"error","event":"Task killed!","logger":"task"}
