{"timestamp":"2025-05-12T19:04:57.496526","level":"info","event":"DAG bundles loaded: dags-folder","logger":"airflow.dag_processing.bundles.manager.DagBundlesManager"}
{"timestamp":"2025-05-12T19:04:57.497094","level":"info","event":"Filling up the DagBag from /home/ilies/octopus_data_engineer_case_study/data_engineer_case_study/airflow/dags/octopus_pricing_pipeline.py","logger":"airflow.models.dagbag.DagBag"}
{"timestamp":"2025-05-12T19:04:57.719415","level":"info","event":"Secrets backends loaded for worker","count":1,"backend_classes":["EnvironmentVariablesBackend"],"logger":"supervisor"}
{"timestamp":"2025-05-12T19:04:57.728648","level":"info","event":"Secrets backends loaded for worker","count":1,"backend_classes":["EnvironmentVariablesBackend"],"logger":"supervisor"}
{"timestamp":"2025-05-12T19:04:57.737166","level":"info","event":"Secrets backends loaded for worker","count":1,"backend_classes":["EnvironmentVariablesBackend"],"logger":"supervisor"}
{"timestamp":"2025-05-12T19:04:57.746656","level":"info","event":"Connection Retrieved 'staging_postgres'","logger":"airflow.hooks.base"}
{"timestamp":"2025-05-12T19:04:57.755778","level":"info","event":"Tmp dir root location: /tmp","logger":"airflow.task.hooks.airflow.providers.standard.hooks.subprocess.SubprocessHook"}
{"timestamp":"2025-05-12T19:04:57.756528","level":"info","event":"Running command: ['/usr/bin/bash', '-c', 'cd ***/***_pricing && dbt run --models final_analytics_table']","logger":"airflow.task.hooks.airflow.providers.standard.hooks.subprocess.SubprocessHook"}
{"timestamp":"2025-05-12T19:04:57.763916","level":"info","event":"Output:","logger":"airflow.task.hooks.airflow.providers.standard.hooks.subprocess.SubprocessHook"}
{"timestamp":"2025-05-12T19:04:58.917307","level":"info","event":"\u001b[0m19:04:58  Running with dbt=1.9.4","logger":"airflow.task.hooks.airflow.providers.standard.hooks.subprocess.SubprocessHook"}
{"timestamp":"2025-05-12T19:04:59.115842","level":"info","event":"\u001b[0m19:04:59  Registered adapter: postgres=1.9.0","logger":"airflow.task.hooks.airflow.providers.standard.hooks.subprocess.SubprocessHook"}
{"timestamp":"2025-05-12T19:04:59.621955","level":"info","event":"\u001b[0m19:04:59  Found 1 model, 5 sources, 433 macros","logger":"airflow.task.hooks.airflow.providers.standard.hooks.subprocess.SubprocessHook"}
{"timestamp":"2025-05-12T19:04:59.623606","level":"info","event":"\u001b[0m19:04:59","logger":"airflow.task.hooks.airflow.providers.standard.hooks.subprocess.SubprocessHook"}
{"timestamp":"2025-05-12T19:04:59.623891","level":"info","event":"\u001b[0m19:04:59  Concurrency: 4 threads (target='dev')","logger":"airflow.task.hooks.airflow.providers.standard.hooks.subprocess.SubprocessHook"}
{"timestamp":"2025-05-12T19:04:59.624156","level":"info","event":"\u001b[0m19:04:59","logger":"airflow.task.hooks.airflow.providers.standard.hooks.subprocess.SubprocessHook"}
{"timestamp":"2025-05-12T19:04:59.722510","level":"info","event":"\u001b[0m19:04:59  1 of 1 START sql incremental model analytics_analytics.final_analytics_table ... [RUN]","logger":"airflow.task.hooks.airflow.providers.standard.hooks.subprocess.SubprocessHook"}
{"timestamp":"2025-05-12T19:05:00.019045","level":"info","event":"\u001b[0m19:05:00  1 of 1 OK created sql incremental model analytics_analytics.final_analytics_table  [\u001b[32mINSERT 0 33550\u001b[0m in 0.29s]","logger":"airflow.task.hooks.airflow.providers.standard.hooks.subprocess.SubprocessHook"}
{"timestamp":"2025-05-12T19:05:00.033387","level":"info","event":"\u001b[0m19:05:00","logger":"airflow.task.hooks.airflow.providers.standard.hooks.subprocess.SubprocessHook"}
{"timestamp":"2025-05-12T19:05:00.033902","level":"info","event":"\u001b[0m19:05:00  Finished running 1 incremental model in 0 hours 0 minutes and 0.41 seconds (0.41s).","logger":"airflow.task.hooks.airflow.providers.standard.hooks.subprocess.SubprocessHook"}
{"timestamp":"2025-05-12T19:05:00.069744","level":"info","event":"\u001b[0m19:05:00","logger":"airflow.task.hooks.airflow.providers.standard.hooks.subprocess.SubprocessHook"}
{"timestamp":"2025-05-12T19:05:00.070077","level":"info","event":"\u001b[0m19:05:00  \u001b[32mCompleted successfully\u001b[0m","logger":"airflow.task.hooks.airflow.providers.standard.hooks.subprocess.SubprocessHook"}
{"timestamp":"2025-05-12T19:05:00.070581","level":"info","event":"\u001b[0m19:05:00","logger":"airflow.task.hooks.airflow.providers.standard.hooks.subprocess.SubprocessHook"}
{"timestamp":"2025-05-12T19:05:00.071025","level":"info","event":"\u001b[0m19:05:00  Done. PASS=1 WARN=0 ERROR=0 SKIP=0 TOTAL=1","logger":"airflow.task.hooks.airflow.providers.standard.hooks.subprocess.SubprocessHook"}
{"timestamp":"2025-05-12T19:05:00.733121","level":"info","event":"Command exited with return code 0","logger":"airflow.task.hooks.airflow.providers.standard.hooks.subprocess.SubprocessHook"}
{"timestamp":"2025-05-12T19:05:00.733738","level":"info","event":"Pushing xcom","ti":"RuntimeTaskInstance(id=UUID('0196c5e2-c25f-7e39-8405-5aa63c9d8cfe'), task_id='dbt_run', dag_id='***_pricing_pipeline', run_id='manual__2025-05-12T19:04:54.606398+00:00', try_number=1, map_index=-1, hostname='Ille.', context_carrier=None, task=<Task(BashOperator): dbt_run>, bundle_instance=LocalDagBundle(name=dags-folder), max_tries=1, start_date=datetime.datetime(2025, 5, 12, 19, 4, 57, 451205, tzinfo=TzInfo(UTC)), end_date=None, is_mapped=False)","logger":"task"}
