{"timestamp":"2025-05-12T11:06:06.820923","level":"info","event":"DAG bundles loaded: dags-folder","logger":"airflow.dag_processing.bundles.manager.DagBundlesManager"}
{"timestamp":"2025-05-12T11:06:06.821488","level":"info","event":"Filling up the DagBag from /home/ilies/octopus_data_engineer_case_study/data_engineer_case_study/airflow/dags/octopus_pricing_pipeline.py","logger":"airflow.models.dagbag.DagBag"}
{"timestamp":"2025-05-12T11:06:07.090497","level":"info","event":"Secrets backends loaded for worker","count":1,"backend_classes":["EnvironmentVariablesBackend"],"logger":"supervisor"}
{"timestamp":"2025-05-12T11:06:07.115061","level":"info","event":"Secrets backends loaded for worker","count":1,"backend_classes":["EnvironmentVariablesBackend"],"logger":"supervisor"}
{"timestamp":"2025-05-12T11:06:07.140995","level":"info","event":"Secrets backends loaded for worker","count":1,"backend_classes":["EnvironmentVariablesBackend"],"logger":"supervisor"}
{"timestamp":"2025-05-12T11:06:07.170922","level":"info","event":"Connection Retrieved 'staging_postgres'","logger":"airflow.hooks.base"}
{"timestamp":"2025-05-12T11:06:07.180128","level":"info","event":"Tmp dir root location: /tmp","logger":"airflow.task.hooks.airflow.providers.standard.hooks.subprocess.SubprocessHook"}
{"timestamp":"2025-05-12T11:06:07.181101","level":"info","event":"Running command: ['/usr/bin/bash', '-c', 'cd ***/***_pricing && dbt run --models staging_* marts_* && dbt test']","logger":"airflow.task.hooks.airflow.providers.standard.hooks.subprocess.SubprocessHook"}
{"timestamp":"2025-05-12T11:06:07.189193","level":"info","event":"Output:","logger":"airflow.task.hooks.airflow.providers.standard.hooks.subprocess.SubprocessHook"}
{"timestamp":"2025-05-12T11:06:08.493105","level":"info","event":"\u001b[0m11:06:08  Running with dbt=1.9.4","logger":"airflow.task.hooks.airflow.providers.standard.hooks.subprocess.SubprocessHook"}
{"timestamp":"2025-05-12T11:06:08.726447","level":"info","event":"\u001b[0m11:06:08  Registered adapter: postgres=1.9.0","logger":"airflow.task.hooks.airflow.providers.standard.hooks.subprocess.SubprocessHook"}
{"timestamp":"2025-05-12T11:06:08.977389","level":"info","event":"\u001b[0m11:06:08  Found 2 models, 4 data tests, 433 macros","logger":"airflow.task.hooks.airflow.providers.standard.hooks.subprocess.SubprocessHook"}
{"timestamp":"2025-05-12T11:06:08.978286","level":"info","event":"\u001b[0m11:06:08  The selection criterion 'staging_*' does not match any enabled nodes","logger":"airflow.task.hooks.airflow.providers.standard.hooks.subprocess.SubprocessHook"}
{"timestamp":"2025-05-12T11:06:08.978727","level":"info","event":"\u001b[0m11:06:08  The selection criterion 'marts_*' does not match any enabled nodes","logger":"airflow.task.hooks.airflow.providers.standard.hooks.subprocess.SubprocessHook"}
{"timestamp":"2025-05-12T11:06:08.979537","level":"info","event":"\u001b[0m11:06:08  Nothing to do. Try checking your model configs and model specification args","logger":"airflow.task.hooks.airflow.providers.standard.hooks.subprocess.SubprocessHook"}
{"timestamp":"2025-05-12T11:06:10.786566","level":"info","event":"\u001b[0m11:06:10  Running with dbt=1.9.4","logger":"airflow.task.hooks.airflow.providers.standard.hooks.subprocess.SubprocessHook"}
{"timestamp":"2025-05-12T11:06:10.994444","level":"info","event":"\u001b[0m11:06:10  Registered adapter: postgres=1.9.0","logger":"airflow.task.hooks.airflow.providers.standard.hooks.subprocess.SubprocessHook"}
{"timestamp":"2025-05-12T11:06:11.243255","level":"info","event":"\u001b[0m11:06:11  Found 2 models, 4 data tests, 433 macros","logger":"airflow.task.hooks.airflow.providers.standard.hooks.subprocess.SubprocessHook"}
{"timestamp":"2025-05-12T11:06:11.245012","level":"info","event":"\u001b[0m11:06:11","logger":"airflow.task.hooks.airflow.providers.standard.hooks.subprocess.SubprocessHook"}
{"timestamp":"2025-05-12T11:06:11.245318","level":"info","event":"\u001b[0m11:06:11  Concurrency: 1 threads (target='dev')","logger":"airflow.task.hooks.airflow.providers.standard.hooks.subprocess.SubprocessHook"}
{"timestamp":"2025-05-12T11:06:11.245609","level":"info","event":"\u001b[0m11:06:11","logger":"airflow.task.hooks.airflow.providers.standard.hooks.subprocess.SubprocessHook"}
{"timestamp":"2025-05-12T11:06:11.370499","level":"info","event":"\u001b[0m11:06:11  1 of 4 START test not_null_my_first_dbt_model_id ............................... [RUN]","logger":"airflow.task.hooks.airflow.providers.standard.hooks.subprocess.SubprocessHook"}
{"timestamp":"2025-05-12T11:06:11.411918","level":"info","event":"\u001b[0m11:06:11  1 of 4 ERROR not_null_my_first_dbt_model_id .................................... [\u001b[31mERROR\u001b[0m in 0.04s]","logger":"airflow.task.hooks.airflow.providers.standard.hooks.subprocess.SubprocessHook"}
{"timestamp":"2025-05-12T11:06:11.413764","level":"info","event":"\u001b[0m11:06:11  2 of 4 START test not_null_my_second_dbt_model_id .............................. [RUN]","logger":"airflow.task.hooks.airflow.providers.standard.hooks.subprocess.SubprocessHook"}
{"timestamp":"2025-05-12T11:06:11.434635","level":"info","event":"\u001b[0m11:06:11  2 of 4 ERROR not_null_my_second_dbt_model_id ................................... [\u001b[31mERROR\u001b[0m in 0.02s]","logger":"airflow.task.hooks.airflow.providers.standard.hooks.subprocess.SubprocessHook"}
{"timestamp":"2025-05-12T11:06:11.436572","level":"info","event":"\u001b[0m11:06:11  3 of 4 START test unique_my_first_dbt_model_id ................................. [RUN]","logger":"airflow.task.hooks.airflow.providers.standard.hooks.subprocess.SubprocessHook"}
{"timestamp":"2025-05-12T11:06:11.459604","level":"info","event":"\u001b[0m11:06:11  3 of 4 ERROR unique_my_first_dbt_model_id ...................................... [\u001b[31mERROR\u001b[0m in 0.02s]","logger":"airflow.task.hooks.airflow.providers.standard.hooks.subprocess.SubprocessHook"}
{"timestamp":"2025-05-12T11:06:11.461349","level":"info","event":"\u001b[0m11:06:11  4 of 4 START test unique_my_second_dbt_model_id ................................ [RUN]","logger":"airflow.task.hooks.airflow.providers.standard.hooks.subprocess.SubprocessHook"}
{"timestamp":"2025-05-12T11:06:11.485349","level":"info","event":"\u001b[0m11:06:11  4 of 4 ERROR unique_my_second_dbt_model_id ..................................... [\u001b[31mERROR\u001b[0m in 0.02s]","logger":"airflow.task.hooks.airflow.providers.standard.hooks.subprocess.SubprocessHook"}
{"timestamp":"2025-05-12T11:06:11.496043","level":"info","event":"\u001b[0m11:06:11","logger":"airflow.task.hooks.airflow.providers.standard.hooks.subprocess.SubprocessHook"}
{"timestamp":"2025-05-12T11:06:11.496298","level":"info","event":"\u001b[0m11:06:11  Finished running 4 data tests in 0 hours 0 minutes and 0.25 seconds (0.25s).","logger":"airflow.task.hooks.airflow.providers.standard.hooks.subprocess.SubprocessHook"}
{"timestamp":"2025-05-12T11:06:11.524800","level":"info","event":"\u001b[0m11:06:11","logger":"airflow.task.hooks.airflow.providers.standard.hooks.subprocess.SubprocessHook"}
{"timestamp":"2025-05-12T11:06:11.525278","level":"info","event":"\u001b[0m11:06:11  \u001b[31mCompleted with 4 errors, 0 partial successes, and 0 warnings:\u001b[0m","logger":"airflow.task.hooks.airflow.providers.standard.hooks.subprocess.SubprocessHook"}
{"timestamp":"2025-05-12T11:06:11.525583","level":"info","event":"\u001b[0m11:06:11","logger":"airflow.task.hooks.airflow.providers.standard.hooks.subprocess.SubprocessHook"}
{"timestamp":"2025-05-12T11:06:11.525970","level":"info","event":"\u001b[0m11:06:11    Database Error in test not_null_my_first_dbt_model_id (models/example/schema.yml)","logger":"airflow.task.hooks.airflow.providers.standard.hooks.subprocess.SubprocessHook"}
{"timestamp":"2025-05-12T11:06:11.526033","level":"info","event":"  relation \"raw.my_first_dbt_model\" does not exist","logger":"airflow.task.hooks.airflow.providers.standard.hooks.subprocess.SubprocessHook"}
{"timestamp":"2025-05-12T11:06:11.526073","level":"info","event":"  LINE 14: from \"challenge_db\".\"raw\".\"my_first_dbt_model\"","logger":"airflow.task.hooks.airflow.providers.standard.hooks.subprocess.SubprocessHook"}
{"timestamp":"2025-05-12T11:06:11.526108","level":"info","event":"                ^","logger":"airflow.task.hooks.airflow.providers.standard.hooks.subprocess.SubprocessHook"}
{"timestamp":"2025-05-12T11:06:11.526141","level":"info","event":"  compiled code at target/run/***_pricing/models/example/schema.yml/not_null_my_first_dbt_model_id.sql","logger":"airflow.task.hooks.airflow.providers.standard.hooks.subprocess.SubprocessHook"}
{"timestamp":"2025-05-12T11:06:11.526265","level":"info","event":"\u001b[0m11:06:11","logger":"airflow.task.hooks.airflow.providers.standard.hooks.subprocess.SubprocessHook"}
{"timestamp":"2025-05-12T11:06:11.526593","level":"info","event":"\u001b[0m11:06:11    Database Error in test not_null_my_second_dbt_model_id (models/example/schema.yml)","logger":"airflow.task.hooks.airflow.providers.standard.hooks.subprocess.SubprocessHook"}
{"timestamp":"2025-05-12T11:06:11.526652","level":"info","event":"  relation \"raw.my_second_dbt_model\" does not exist","logger":"airflow.task.hooks.airflow.providers.standard.hooks.subprocess.SubprocessHook"}
{"timestamp":"2025-05-12T11:06:11.526695","level":"info","event":"  LINE 14: from \"challenge_db\".\"raw\".\"my_second_dbt_model\"","logger":"airflow.task.hooks.airflow.providers.standard.hooks.subprocess.SubprocessHook"}
{"timestamp":"2025-05-12T11:06:11.526731","level":"info","event":"                ^","logger":"airflow.task.hooks.airflow.providers.standard.hooks.subprocess.SubprocessHook"}
{"timestamp":"2025-05-12T11:06:11.526769","level":"info","event":"  compiled code at target/run/***_pricing/models/example/schema.yml/not_null_my_second_dbt_model_id.sql","logger":"airflow.task.hooks.airflow.providers.standard.hooks.subprocess.SubprocessHook"}
{"timestamp":"2025-05-12T11:06:11.526945","level":"info","event":"\u001b[0m11:06:11","logger":"airflow.task.hooks.airflow.providers.standard.hooks.subprocess.SubprocessHook"}
{"timestamp":"2025-05-12T11:06:11.527219","level":"info","event":"\u001b[0m11:06:11    Database Error in test unique_my_first_dbt_model_id (models/example/schema.yml)","logger":"airflow.task.hooks.airflow.providers.standard.hooks.subprocess.SubprocessHook"}
{"timestamp":"2025-05-12T11:06:11.527302","level":"info","event":"  relation \"raw.my_first_dbt_model\" does not exist","logger":"airflow.task.hooks.airflow.providers.standard.hooks.subprocess.SubprocessHook"}
{"timestamp":"2025-05-12T11:06:11.527344","level":"info","event":"  LINE 15: from \"challenge_db\".\"raw\".\"my_first_dbt_model\"","logger":"airflow.task.hooks.airflow.providers.standard.hooks.subprocess.SubprocessHook"}
{"timestamp":"2025-05-12T11:06:11.527379","level":"info","event":"                ^","logger":"airflow.task.hooks.airflow.providers.standard.hooks.subprocess.SubprocessHook"}
{"timestamp":"2025-05-12T11:06:11.527413","level":"info","event":"  compiled code at target/run/***_pricing/models/example/schema.yml/unique_my_first_dbt_model_id.sql","logger":"airflow.task.hooks.airflow.providers.standard.hooks.subprocess.SubprocessHook"}
{"timestamp":"2025-05-12T11:06:11.527523","level":"info","event":"\u001b[0m11:06:11","logger":"airflow.task.hooks.airflow.providers.standard.hooks.subprocess.SubprocessHook"}
{"timestamp":"2025-05-12T11:06:11.527784","level":"info","event":"\u001b[0m11:06:11    Database Error in test unique_my_second_dbt_model_id (models/example/schema.yml)","logger":"airflow.task.hooks.airflow.providers.standard.hooks.subprocess.SubprocessHook"}
{"timestamp":"2025-05-12T11:06:11.527847","level":"info","event":"  relation \"raw.my_second_dbt_model\" does not exist","logger":"airflow.task.hooks.airflow.providers.standard.hooks.subprocess.SubprocessHook"}
{"timestamp":"2025-05-12T11:06:11.527888","level":"info","event":"  LINE 15: from \"challenge_db\".\"raw\".\"my_second_dbt_model\"","logger":"airflow.task.hooks.airflow.providers.standard.hooks.subprocess.SubprocessHook"}
{"timestamp":"2025-05-12T11:06:11.527921","level":"info","event":"                ^","logger":"airflow.task.hooks.airflow.providers.standard.hooks.subprocess.SubprocessHook"}
{"timestamp":"2025-05-12T11:06:11.527959","level":"info","event":"  compiled code at target/run/***_pricing/models/example/schema.yml/unique_my_second_dbt_model_id.sql","logger":"airflow.task.hooks.airflow.providers.standard.hooks.subprocess.SubprocessHook"}
{"timestamp":"2025-05-12T11:06:11.528054","level":"info","event":"\u001b[0m11:06:11","logger":"airflow.task.hooks.airflow.providers.standard.hooks.subprocess.SubprocessHook"}
{"timestamp":"2025-05-12T11:06:11.528341","level":"info","event":"\u001b[0m11:06:11  Done. PASS=0 WARN=0 ERROR=4 SKIP=0 TOTAL=4","logger":"airflow.task.hooks.airflow.providers.standard.hooks.subprocess.SubprocessHook"}
{"timestamp":"2025-05-12T11:06:12.190788","level":"info","event":"Command exited with return code 1","logger":"airflow.task.hooks.airflow.providers.standard.hooks.subprocess.SubprocessHook"}
{"timestamp":"2025-05-12T11:06:12.191204","level":"error","event":"Task failed with exception","logger":"task","error_detail":[{"exc_type":"AirflowException","exc_value":"Bash command failed. The command returned a non-zero exit code 1.","exc_notes":[],"syntax_error":null,"is_cause":false,"frames":[{"filename":"***/case_venv/lib/python3.10/site-packages/airflow/sdk/execution_time/task_runner.py","lineno":825,"name":"run"},{"filename":"***/case_venv/lib/python3.10/site-packages/airflow/sdk/execution_time/task_runner.py","lineno":1088,"name":"_execute_task"},{"filename":"***/case_venv/lib/python3.10/site-packages/airflow/sdk/bases/operator.py","lineno":408,"name":"wrapper"},{"filename":"***/case_venv/lib/python3.10/site-packages/airflow/providers/standard/operators/bash.py","lineno":233,"name":"execute"}]}]}
