{"timestamp":"2025-05-12T11:06:17.779953","level":"info","event":"DAG bundles loaded: dags-folder","logger":"airflow.dag_processing.bundles.manager.DagBundlesManager"}
{"timestamp":"2025-05-12T11:06:17.780663","level":"info","event":"Filling up the DagBag from /home/ilies/octopus_data_engineer_case_study/data_engineer_case_study/airflow/dags/octopus_pricing_pipeline.py","logger":"airflow.models.dagbag.DagBag"}
{"timestamp":"2025-05-12T11:06:18.028024","level":"info","event":"Secrets backends loaded for worker","count":1,"backend_classes":["EnvironmentVariablesBackend"],"logger":"supervisor"}
{"timestamp":"2025-05-12T11:06:18.036587","level":"info","event":"Secrets backends loaded for worker","count":1,"backend_classes":["EnvironmentVariablesBackend"],"logger":"supervisor"}
{"timestamp":"2025-05-12T11:06:18.044753","level":"info","event":"Secrets backends loaded for worker","count":1,"backend_classes":["EnvironmentVariablesBackend"],"logger":"supervisor"}
{"timestamp":"2025-05-12T11:06:18.055340","level":"info","event":"Connection Retrieved 'staging_postgres'","logger":"airflow.hooks.base"}
{"timestamp":"2025-05-12T11:06:18.066065","level":"info","event":"Tmp dir root location: /tmp","logger":"airflow.task.hooks.airflow.providers.standard.hooks.subprocess.SubprocessHook"}
{"timestamp":"2025-05-12T11:06:18.067502","level":"info","event":"Running command: ['/usr/bin/bash', '-c', 'cd ***/***_pricing && dbt run --models staging_* marts_* && dbt test']","logger":"airflow.task.hooks.airflow.providers.standard.hooks.subprocess.SubprocessHook"}
{"timestamp":"2025-05-12T11:06:18.075078","level":"info","event":"Output:","logger":"airflow.task.hooks.airflow.providers.standard.hooks.subprocess.SubprocessHook"}
{"timestamp":"2025-05-12T11:06:19.438607","level":"info","event":"\u001b[0m11:06:19  Running with dbt=1.9.4","logger":"airflow.task.hooks.airflow.providers.standard.hooks.subprocess.SubprocessHook"}
{"timestamp":"2025-05-12T11:06:19.648673","level":"info","event":"\u001b[0m11:06:19  Registered adapter: postgres=1.9.0","logger":"airflow.task.hooks.airflow.providers.standard.hooks.subprocess.SubprocessHook"}
{"timestamp":"2025-05-12T11:06:19.892260","level":"info","event":"\u001b[0m11:06:19  Found 2 models, 4 data tests, 433 macros","logger":"airflow.task.hooks.airflow.providers.standard.hooks.subprocess.SubprocessHook"}
{"timestamp":"2025-05-12T11:06:19.893074","level":"info","event":"\u001b[0m11:06:19  The selection criterion 'staging_*' does not match any enabled nodes","logger":"airflow.task.hooks.airflow.providers.standard.hooks.subprocess.SubprocessHook"}
{"timestamp":"2025-05-12T11:06:19.893600","level":"info","event":"\u001b[0m11:06:19  The selection criterion 'marts_*' does not match any enabled nodes","logger":"airflow.task.hooks.airflow.providers.standard.hooks.subprocess.SubprocessHook"}
{"timestamp":"2025-05-12T11:06:19.894373","level":"info","event":"\u001b[0m11:06:19  Nothing to do. Try checking your model configs and model specification args","logger":"airflow.task.hooks.airflow.providers.standard.hooks.subprocess.SubprocessHook"}
{"timestamp":"2025-05-12T11:06:21.729927","level":"info","event":"\u001b[0m11:06:21  Running with dbt=1.9.4","logger":"airflow.task.hooks.airflow.providers.standard.hooks.subprocess.SubprocessHook"}
{"timestamp":"2025-05-12T11:06:21.945628","level":"info","event":"\u001b[0m11:06:21  Registered adapter: postgres=1.9.0","logger":"airflow.task.hooks.airflow.providers.standard.hooks.subprocess.SubprocessHook"}
{"timestamp":"2025-05-12T11:06:22.201244","level":"info","event":"\u001b[0m11:06:22  Found 2 models, 4 data tests, 433 macros","logger":"airflow.task.hooks.airflow.providers.standard.hooks.subprocess.SubprocessHook"}
{"timestamp":"2025-05-12T11:06:22.202906","level":"info","event":"\u001b[0m11:06:22","logger":"airflow.task.hooks.airflow.providers.standard.hooks.subprocess.SubprocessHook"}
{"timestamp":"2025-05-12T11:06:22.203191","level":"info","event":"\u001b[0m11:06:22  Concurrency: 1 threads (target='dev')","logger":"airflow.task.hooks.airflow.providers.standard.hooks.subprocess.SubprocessHook"}
{"timestamp":"2025-05-12T11:06:22.203469","level":"info","event":"\u001b[0m11:06:22","logger":"airflow.task.hooks.airflow.providers.standard.hooks.subprocess.SubprocessHook"}
{"timestamp":"2025-05-12T11:06:22.323157","level":"info","event":"\u001b[0m11:06:22  1 of 4 START test not_null_my_first_dbt_model_id ............................... [RUN]","logger":"airflow.task.hooks.airflow.providers.standard.hooks.subprocess.SubprocessHook"}
{"timestamp":"2025-05-12T11:06:22.368073","level":"info","event":"\u001b[0m11:06:22  1 of 4 ERROR not_null_my_first_dbt_model_id .................................... [\u001b[31mERROR\u001b[0m in 0.04s]","logger":"airflow.task.hooks.airflow.providers.standard.hooks.subprocess.SubprocessHook"}
{"timestamp":"2025-05-12T11:06:22.369923","level":"info","event":"\u001b[0m11:06:22  2 of 4 START test not_null_my_second_dbt_model_id .............................. [RUN]","logger":"airflow.task.hooks.airflow.providers.standard.hooks.subprocess.SubprocessHook"}
{"timestamp":"2025-05-12T11:06:22.390110","level":"info","event":"\u001b[0m11:06:22  2 of 4 ERROR not_null_my_second_dbt_model_id ................................... [\u001b[31mERROR\u001b[0m in 0.02s]","logger":"airflow.task.hooks.airflow.providers.standard.hooks.subprocess.SubprocessHook"}
{"timestamp":"2025-05-12T11:06:22.391897","level":"info","event":"\u001b[0m11:06:22  3 of 4 START test unique_my_first_dbt_model_id ................................. [RUN]","logger":"airflow.task.hooks.airflow.providers.standard.hooks.subprocess.SubprocessHook"}
{"timestamp":"2025-05-12T11:06:22.412462","level":"info","event":"\u001b[0m11:06:22  3 of 4 ERROR unique_my_first_dbt_model_id ...................................... [\u001b[31mERROR\u001b[0m in 0.02s]","logger":"airflow.task.hooks.airflow.providers.standard.hooks.subprocess.SubprocessHook"}
{"timestamp":"2025-05-12T11:06:22.414729","level":"info","event":"\u001b[0m11:06:22  4 of 4 START test unique_my_second_dbt_model_id ................................ [RUN]","logger":"airflow.task.hooks.airflow.providers.standard.hooks.subprocess.SubprocessHook"}
{"timestamp":"2025-05-12T11:06:22.435610","level":"info","event":"\u001b[0m11:06:22  4 of 4 ERROR unique_my_second_dbt_model_id ..................................... [\u001b[31mERROR\u001b[0m in 0.02s]","logger":"airflow.task.hooks.airflow.providers.standard.hooks.subprocess.SubprocessHook"}
{"timestamp":"2025-05-12T11:06:22.446532","level":"info","event":"\u001b[0m11:06:22","logger":"airflow.task.hooks.airflow.providers.standard.hooks.subprocess.SubprocessHook"}
{"timestamp":"2025-05-12T11:06:22.446951","level":"info","event":"\u001b[0m11:06:22  Finished running 4 data tests in 0 hours 0 minutes and 0.24 seconds (0.24s).","logger":"airflow.task.hooks.airflow.providers.standard.hooks.subprocess.SubprocessHook"}
{"timestamp":"2025-05-12T11:06:22.473237","level":"info","event":"\u001b[0m11:06:22","logger":"airflow.task.hooks.airflow.providers.standard.hooks.subprocess.SubprocessHook"}
{"timestamp":"2025-05-12T11:06:22.473473","level":"info","event":"\u001b[0m11:06:22  \u001b[31mCompleted with 4 errors, 0 partial successes, and 0 warnings:\u001b[0m","logger":"airflow.task.hooks.airflow.providers.standard.hooks.subprocess.SubprocessHook"}
{"timestamp":"2025-05-12T11:06:22.473814","level":"info","event":"\u001b[0m11:06:22","logger":"airflow.task.hooks.airflow.providers.standard.hooks.subprocess.SubprocessHook"}
{"timestamp":"2025-05-12T11:06:22.474136","level":"info","event":"\u001b[0m11:06:22    Database Error in test not_null_my_first_dbt_model_id (models/example/schema.yml)","logger":"airflow.task.hooks.airflow.providers.standard.hooks.subprocess.SubprocessHook"}
{"timestamp":"2025-05-12T11:06:22.474203","level":"info","event":"  relation \"raw.my_first_dbt_model\" does not exist","logger":"airflow.task.hooks.airflow.providers.standard.hooks.subprocess.SubprocessHook"}
{"timestamp":"2025-05-12T11:06:22.474244","level":"info","event":"  LINE 14: from \"challenge_db\".\"raw\".\"my_first_dbt_model\"","logger":"airflow.task.hooks.airflow.providers.standard.hooks.subprocess.SubprocessHook"}
{"timestamp":"2025-05-12T11:06:22.474281","level":"info","event":"                ^","logger":"airflow.task.hooks.airflow.providers.standard.hooks.subprocess.SubprocessHook"}
{"timestamp":"2025-05-12T11:06:22.474315","level":"info","event":"  compiled code at target/run/***_pricing/models/example/schema.yml/not_null_my_first_dbt_model_id.sql","logger":"airflow.task.hooks.airflow.providers.standard.hooks.subprocess.SubprocessHook"}
{"timestamp":"2025-05-12T11:06:22.474433","level":"info","event":"\u001b[0m11:06:22","logger":"airflow.task.hooks.airflow.providers.standard.hooks.subprocess.SubprocessHook"}
{"timestamp":"2025-05-12T11:06:22.474754","level":"info","event":"\u001b[0m11:06:22    Database Error in test not_null_my_second_dbt_model_id (models/example/schema.yml)","logger":"airflow.task.hooks.airflow.providers.standard.hooks.subprocess.SubprocessHook"}
{"timestamp":"2025-05-12T11:06:22.474813","level":"info","event":"  relation \"raw.my_second_dbt_model\" does not exist","logger":"airflow.task.hooks.airflow.providers.standard.hooks.subprocess.SubprocessHook"}
{"timestamp":"2025-05-12T11:06:22.474851","level":"info","event":"  LINE 14: from \"challenge_db\".\"raw\".\"my_second_dbt_model\"","logger":"airflow.task.hooks.airflow.providers.standard.hooks.subprocess.SubprocessHook"}
{"timestamp":"2025-05-12T11:06:22.474887","level":"info","event":"                ^","logger":"airflow.task.hooks.airflow.providers.standard.hooks.subprocess.SubprocessHook"}
{"timestamp":"2025-05-12T11:06:22.474921","level":"info","event":"  compiled code at target/run/***_pricing/models/example/schema.yml/not_null_my_second_dbt_model_id.sql","logger":"airflow.task.hooks.airflow.providers.standard.hooks.subprocess.SubprocessHook"}
{"timestamp":"2025-05-12T11:06:22.475045","level":"info","event":"\u001b[0m11:06:22","logger":"airflow.task.hooks.airflow.providers.standard.hooks.subprocess.SubprocessHook"}
{"timestamp":"2025-05-12T11:06:22.475353","level":"info","event":"\u001b[0m11:06:22    Database Error in test unique_my_first_dbt_model_id (models/example/schema.yml)","logger":"airflow.task.hooks.airflow.providers.standard.hooks.subprocess.SubprocessHook"}
{"timestamp":"2025-05-12T11:06:22.475408","level":"info","event":"  relation \"raw.my_first_dbt_model\" does not exist","logger":"airflow.task.hooks.airflow.providers.standard.hooks.subprocess.SubprocessHook"}
{"timestamp":"2025-05-12T11:06:22.475445","level":"info","event":"  LINE 15: from \"challenge_db\".\"raw\".\"my_first_dbt_model\"","logger":"airflow.task.hooks.airflow.providers.standard.hooks.subprocess.SubprocessHook"}
{"timestamp":"2025-05-12T11:06:22.475478","level":"info","event":"                ^","logger":"airflow.task.hooks.airflow.providers.standard.hooks.subprocess.SubprocessHook"}
{"timestamp":"2025-05-12T11:06:22.475515","level":"info","event":"  compiled code at target/run/***_pricing/models/example/schema.yml/unique_my_first_dbt_model_id.sql","logger":"airflow.task.hooks.airflow.providers.standard.hooks.subprocess.SubprocessHook"}
{"timestamp":"2025-05-12T11:06:22.475624","level":"info","event":"\u001b[0m11:06:22","logger":"airflow.task.hooks.airflow.providers.standard.hooks.subprocess.SubprocessHook"}
{"timestamp":"2025-05-12T11:06:22.475923","level":"info","event":"\u001b[0m11:06:22    Database Error in test unique_my_second_dbt_model_id (models/example/schema.yml)","logger":"airflow.task.hooks.airflow.providers.standard.hooks.subprocess.SubprocessHook"}
{"timestamp":"2025-05-12T11:06:22.475977","level":"info","event":"  relation \"raw.my_second_dbt_model\" does not exist","logger":"airflow.task.hooks.airflow.providers.standard.hooks.subprocess.SubprocessHook"}
{"timestamp":"2025-05-12T11:06:22.476017","level":"info","event":"  LINE 15: from \"challenge_db\".\"raw\".\"my_second_dbt_model\"","logger":"airflow.task.hooks.airflow.providers.standard.hooks.subprocess.SubprocessHook"}
{"timestamp":"2025-05-12T11:06:22.476049","level":"info","event":"                ^","logger":"airflow.task.hooks.airflow.providers.standard.hooks.subprocess.SubprocessHook"}
{"timestamp":"2025-05-12T11:06:22.476081","level":"info","event":"  compiled code at target/run/***_pricing/models/example/schema.yml/unique_my_second_dbt_model_id.sql","logger":"airflow.task.hooks.airflow.providers.standard.hooks.subprocess.SubprocessHook"}
{"timestamp":"2025-05-12T11:06:22.476187","level":"info","event":"\u001b[0m11:06:22","logger":"airflow.task.hooks.airflow.providers.standard.hooks.subprocess.SubprocessHook"}
{"timestamp":"2025-05-12T11:06:22.476483","level":"info","event":"\u001b[0m11:06:22  Done. PASS=0 WARN=0 ERROR=4 SKIP=0 TOTAL=4","logger":"airflow.task.hooks.airflow.providers.standard.hooks.subprocess.SubprocessHook"}
{"timestamp":"2025-05-12T11:06:23.153635","level":"info","event":"Command exited with return code 1","logger":"airflow.task.hooks.airflow.providers.standard.hooks.subprocess.SubprocessHook"}
{"timestamp":"2025-05-12T11:06:23.154046","level":"error","event":"Task failed with exception","logger":"task","error_detail":[{"exc_type":"AirflowException","exc_value":"Bash command failed. The command returned a non-zero exit code 1.","exc_notes":[],"syntax_error":null,"is_cause":false,"frames":[{"filename":"***/case_venv/lib/python3.10/site-packages/airflow/sdk/execution_time/task_runner.py","lineno":825,"name":"run"},{"filename":"***/case_venv/lib/python3.10/site-packages/airflow/sdk/execution_time/task_runner.py","lineno":1088,"name":"_execute_task"},{"filename":"***/case_venv/lib/python3.10/site-packages/airflow/sdk/bases/operator.py","lineno":408,"name":"wrapper"},{"filename":"***/case_venv/lib/python3.10/site-packages/airflow/providers/standard/operators/bash.py","lineno":233,"name":"execute"}]}]}
