{"timestamp":"2025-05-12T14:56:20.255501","level":"info","event":"DAG bundles loaded: dags-folder","logger":"airflow.dag_processing.bundles.manager.DagBundlesManager"}
{"timestamp":"2025-05-12T14:56:20.256269","level":"info","event":"Filling up the DagBag from /home/ilies/octopus_data_engineer_case_study/data_engineer_case_study/airflow/dags/octopus_pricing_pipeline.py","logger":"airflow.models.dagbag.DagBag"}
{"timestamp":"2025-05-12T14:56:20.461018","level":"info","event":"Secrets backends loaded for worker","count":1,"backend_classes":["EnvironmentVariablesBackend"],"logger":"supervisor"}
{"timestamp":"2025-05-12T14:56:20.468506","level":"info","event":"Secrets backends loaded for worker","count":1,"backend_classes":["EnvironmentVariablesBackend"],"logger":"supervisor"}
{"timestamp":"2025-05-12T14:56:20.475552","level":"info","event":"Secrets backends loaded for worker","count":1,"backend_classes":["EnvironmentVariablesBackend"],"logger":"supervisor"}
{"timestamp":"2025-05-12T14:56:20.483777","level":"info","event":"Connection Retrieved 'staging_postgres'","logger":"airflow.hooks.base"}
{"timestamp":"2025-05-12T14:56:20.493209","level":"info","event":"Tmp dir root location: /tmp","logger":"airflow.task.hooks.airflow.providers.standard.hooks.subprocess.SubprocessHook"}
{"timestamp":"2025-05-12T14:56:20.494036","level":"info","event":"Running command: ['/usr/bin/bash', '-c', 'cd ***/***_pricing && dbt run --models final_analytics_table']","logger":"airflow.task.hooks.airflow.providers.standard.hooks.subprocess.SubprocessHook"}
{"timestamp":"2025-05-12T14:56:20.501013","level":"info","event":"Output:","logger":"airflow.task.hooks.airflow.providers.standard.hooks.subprocess.SubprocessHook"}
{"timestamp":"2025-05-12T14:56:21.958939","level":"info","event":"\u001b[0m14:56:21  Running with dbt=1.9.4","logger":"airflow.task.hooks.airflow.providers.standard.hooks.subprocess.SubprocessHook"}
{"timestamp":"2025-05-12T14:56:22.215897","level":"info","event":"\u001b[0m14:56:22  Registered adapter: postgres=1.9.0","logger":"airflow.task.hooks.airflow.providers.standard.hooks.subprocess.SubprocessHook"}
{"timestamp":"2025-05-12T14:56:22.850854","level":"info","event":"\u001b[0m14:56:22  Found 4 models, 4 sources, 433 macros","logger":"airflow.task.hooks.airflow.providers.standard.hooks.subprocess.SubprocessHook"}
{"timestamp":"2025-05-12T14:56:22.852369","level":"info","event":"\u001b[0m14:56:22","logger":"airflow.task.hooks.airflow.providers.standard.hooks.subprocess.SubprocessHook"}
{"timestamp":"2025-05-12T14:56:22.852670","level":"info","event":"\u001b[0m14:56:22  Concurrency: 4 threads (target='dev')","logger":"airflow.task.hooks.airflow.providers.standard.hooks.subprocess.SubprocessHook"}
{"timestamp":"2025-05-12T14:56:22.853008","level":"info","event":"\u001b[0m14:56:22","logger":"airflow.task.hooks.airflow.providers.standard.hooks.subprocess.SubprocessHook"}
{"timestamp":"2025-05-12T14:56:22.932590","level":"info","event":"\u001b[0m14:56:22  1 of 1 START sql table model analytics.final_analytics_table ................... [RUN]","logger":"airflow.task.hooks.airflow.providers.standard.hooks.subprocess.SubprocessHook"}
{"timestamp":"2025-05-12T14:56:22.985623","level":"info","event":"\u001b[0m14:56:22  1 of 1 ERROR creating sql table model analytics.final_analytics_table .......... [\u001b[31mERROR\u001b[0m in 0.05s]","logger":"airflow.task.hooks.airflow.providers.standard.hooks.subprocess.SubprocessHook"}
{"timestamp":"2025-05-12T14:56:22.998180","level":"info","event":"\u001b[0m14:56:22","logger":"airflow.task.hooks.airflow.providers.standard.hooks.subprocess.SubprocessHook"}
{"timestamp":"2025-05-12T14:56:22.998397","level":"info","event":"\u001b[0m14:56:22  Finished running 1 table model in 0 hours 0 minutes and 0.14 seconds (0.14s).","logger":"airflow.task.hooks.airflow.providers.standard.hooks.subprocess.SubprocessHook"}
{"timestamp":"2025-05-12T14:56:23.023586","level":"info","event":"\u001b[0m14:56:23","logger":"airflow.task.hooks.airflow.providers.standard.hooks.subprocess.SubprocessHook"}
{"timestamp":"2025-05-12T14:56:23.023849","level":"info","event":"\u001b[0m14:56:23  \u001b[31mCompleted with 1 error, 0 partial successes, and 0 warnings:\u001b[0m","logger":"airflow.task.hooks.airflow.providers.standard.hooks.subprocess.SubprocessHook"}
{"timestamp":"2025-05-12T14:56:23.024220","level":"info","event":"\u001b[0m14:56:23","logger":"airflow.task.hooks.airflow.providers.standard.hooks.subprocess.SubprocessHook"}
{"timestamp":"2025-05-12T14:56:23.024560","level":"info","event":"\u001b[0m14:56:23    Database Error in model final_analytics_table (models/final_analytics_table.sql)","logger":"airflow.task.hooks.airflow.providers.standard.hooks.subprocess.SubprocessHook"}
{"timestamp":"2025-05-12T14:56:23.024647","level":"info","event":"  syntax error at or near \"from\"","logger":"airflow.task.hooks.airflow.providers.standard.hooks.subprocess.SubprocessHook"}
{"timestamp":"2025-05-12T14:56:23.024694","level":"info","event":"  LINE 18:     from \"challenge_db\".\"analytics\".\"staging_network_costs\"","logger":"airflow.task.hooks.airflow.providers.standard.hooks.subprocess.SubprocessHook"}
{"timestamp":"2025-05-12T14:56:23.024730","level":"info","event":"               ^","logger":"airflow.task.hooks.airflow.providers.standard.hooks.subprocess.SubprocessHook"}
{"timestamp":"2025-05-12T14:56:23.024768","level":"info","event":"  compiled code at target/run/***_pricing/models/final_analytics_table.sql","logger":"airflow.task.hooks.airflow.providers.standard.hooks.subprocess.SubprocessHook"}
{"timestamp":"2025-05-12T14:56:23.024805","level":"info","event":"\u001b[0m14:56:23","logger":"airflow.task.hooks.airflow.providers.standard.hooks.subprocess.SubprocessHook"}
{"timestamp":"2025-05-12T14:56:23.025080","level":"info","event":"\u001b[0m14:56:23  Done. PASS=0 WARN=0 ERROR=1 SKIP=0 TOTAL=1","logger":"airflow.task.hooks.airflow.providers.standard.hooks.subprocess.SubprocessHook"}
{"timestamp":"2025-05-12T14:56:23.667390","level":"info","event":"Command exited with return code 1","logger":"airflow.task.hooks.airflow.providers.standard.hooks.subprocess.SubprocessHook"}
{"timestamp":"2025-05-12T14:56:23.667915","level":"error","event":"Task failed with exception","logger":"task","error_detail":[{"exc_type":"AirflowException","exc_value":"Bash command failed. The command returned a non-zero exit code 1.","exc_notes":[],"syntax_error":null,"is_cause":false,"frames":[{"filename":"***/case_venv/lib/python3.10/site-packages/airflow/sdk/execution_time/task_runner.py","lineno":825,"name":"run"},{"filename":"***/case_venv/lib/python3.10/site-packages/airflow/sdk/execution_time/task_runner.py","lineno":1088,"name":"_execute_task"},{"filename":"***/case_venv/lib/python3.10/site-packages/airflow/sdk/bases/operator.py","lineno":408,"name":"wrapper"},{"filename":"***/case_venv/lib/python3.10/site-packages/airflow/providers/standard/operators/bash.py","lineno":233,"name":"execute"}]}]}
