{"timestamp":"2025-05-12T20:26:51.102752","level":"info","event":"DAG bundles loaded: dags-folder","logger":"airflow.dag_processing.bundles.manager.DagBundlesManager"}
{"timestamp":"2025-05-12T20:26:51.103471","level":"info","event":"Filling up the DagBag from /home/ilies/octopus_data_engineer_case_study/data_engineer_case_study/airflow/dags/octopus_pricing_pipeline.py","logger":"airflow.models.dagbag.DagBag"}
{"timestamp":"2025-05-12T20:26:51.323030","level":"info","event":"Secrets backends loaded for worker","count":1,"backend_classes":["EnvironmentVariablesBackend"],"logger":"supervisor"}
{"timestamp":"2025-05-12T20:26:51.330798","level":"info","event":"Secrets backends loaded for worker","count":1,"backend_classes":["EnvironmentVariablesBackend"],"logger":"supervisor"}
{"timestamp":"2025-05-12T20:26:51.340265","level":"info","event":"Secrets backends loaded for worker","count":1,"backend_classes":["EnvironmentVariablesBackend"],"logger":"supervisor"}
{"timestamp":"2025-05-12T20:26:51.348591","level":"info","event":"Connection Retrieved 'staging_postgres'","logger":"airflow.hooks.base"}
{"timestamp":"2025-05-12T20:26:51.356747","level":"info","event":"Tmp dir root location: /tmp","logger":"airflow.task.hooks.airflow.providers.standard.hooks.subprocess.SubprocessHook"}
{"timestamp":"2025-05-12T20:26:51.357653","level":"info","event":"Running command: ['/usr/bin/bash', '-c', 'cd ***/***_pricing && dbt run --models final_analytics_table']","logger":"airflow.task.hooks.airflow.providers.standard.hooks.subprocess.SubprocessHook"}
{"timestamp":"2025-05-12T20:26:51.364616","level":"info","event":"Output:","logger":"airflow.task.hooks.airflow.providers.standard.hooks.subprocess.SubprocessHook"}
{"timestamp":"2025-05-12T20:26:52.853407","level":"info","event":"\u001b[0m20:26:52  Running with dbt=1.9.4","logger":"airflow.task.hooks.airflow.providers.standard.hooks.subprocess.SubprocessHook"}
{"timestamp":"2025-05-12T20:26:53.085916","level":"info","event":"\u001b[0m20:26:53  Registered adapter: postgres=1.9.0","logger":"airflow.task.hooks.airflow.providers.standard.hooks.subprocess.SubprocessHook"}
{"timestamp":"2025-05-12T20:26:53.230641","level":"info","event":"\u001b[0m20:26:53  Unable to do partial parsing because a project config has changed","logger":"airflow.task.hooks.airflow.providers.standard.hooks.subprocess.SubprocessHook"}
{"timestamp":"2025-05-12T20:26:54.290464","level":"info","event":"\u001b[0m20:26:54  Found 1 model, 5 sources, 433 macros","logger":"airflow.task.hooks.airflow.providers.standard.hooks.subprocess.SubprocessHook"}
{"timestamp":"2025-05-12T20:26:54.291816","level":"info","event":"\u001b[0m20:26:54","logger":"airflow.task.hooks.airflow.providers.standard.hooks.subprocess.SubprocessHook"}
{"timestamp":"2025-05-12T20:26:54.292074","level":"info","event":"\u001b[0m20:26:54  Concurrency: 4 threads (target='dev')","logger":"airflow.task.hooks.airflow.providers.standard.hooks.subprocess.SubprocessHook"}
{"timestamp":"2025-05-12T20:26:54.292411","level":"info","event":"\u001b[0m20:26:54","logger":"airflow.task.hooks.airflow.providers.standard.hooks.subprocess.SubprocessHook"}
{"timestamp":"2025-05-12T20:26:54.389375","level":"info","event":"\u001b[0m20:26:54  1 of 1 START sql incremental model analytics.final_analytics_table ............. [RUN]","logger":"airflow.task.hooks.airflow.providers.standard.hooks.subprocess.SubprocessHook"}
{"timestamp":"2025-05-12T20:26:54.716751","level":"info","event":"\u001b[0m20:26:54  1 of 1 OK created sql incremental model analytics.final_analytics_table ........ [\u001b[32mINSERT 0 33550\u001b[0m in 0.32s]","logger":"airflow.task.hooks.airflow.providers.standard.hooks.subprocess.SubprocessHook"}
{"timestamp":"2025-05-12T20:26:54.728819","level":"info","event":"\u001b[0m20:26:54","logger":"airflow.task.hooks.airflow.providers.standard.hooks.subprocess.SubprocessHook"}
{"timestamp":"2025-05-12T20:26:54.729018","level":"info","event":"\u001b[0m20:26:54  Finished running 1 incremental model in 0 hours 0 minutes and 0.44 seconds (0.44s).","logger":"airflow.task.hooks.airflow.providers.standard.hooks.subprocess.SubprocessHook"}
{"timestamp":"2025-05-12T20:26:54.756221","level":"info","event":"\u001b[0m20:26:54","logger":"airflow.task.hooks.airflow.providers.standard.hooks.subprocess.SubprocessHook"}
{"timestamp":"2025-05-12T20:26:54.756570","level":"info","event":"\u001b[0m20:26:54  \u001b[32mCompleted successfully\u001b[0m","logger":"airflow.task.hooks.airflow.providers.standard.hooks.subprocess.SubprocessHook"}
{"timestamp":"2025-05-12T20:26:54.756912","level":"info","event":"\u001b[0m20:26:54","logger":"airflow.task.hooks.airflow.providers.standard.hooks.subprocess.SubprocessHook"}
{"timestamp":"2025-05-12T20:26:54.757200","level":"info","event":"\u001b[0m20:26:54  Done. PASS=1 WARN=0 ERROR=0 SKIP=0 TOTAL=1","logger":"airflow.task.hooks.airflow.providers.standard.hooks.subprocess.SubprocessHook"}
{"timestamp":"2025-05-12T20:26:55.509583","level":"info","event":"Command exited with return code 0","logger":"airflow.task.hooks.airflow.providers.standard.hooks.subprocess.SubprocessHook"}
{"timestamp":"2025-05-12T20:26:55.510248","level":"info","event":"Pushing xcom","ti":"RuntimeTaskInstance(id=UUID('0196c62d-b0de-78ba-8436-870aa897c4a9'), task_id='dbt_run', dag_id='***_pricing_pipeline', run_id='manual__2025-05-12T20:26:45.320396+00:00', try_number=1, map_index=-1, hostname='Ille.', context_carrier=None, task=<Task(BashOperator): dbt_run>, bundle_instance=LocalDagBundle(name=dags-folder), max_tries=1, start_date=datetime.datetime(2025, 5, 12, 20, 26, 51, 69546, tzinfo=TzInfo(UTC)), end_date=None, is_mapped=False)","logger":"task"}
