{"timestamp":"2025-05-12T22:56:42.251611","level":"info","event":"DAG bundles loaded: dags-folder","logger":"airflow.dag_processing.bundles.manager.DagBundlesManager"}
{"timestamp":"2025-05-12T22:56:42.252758","level":"info","event":"Filling up the DagBag from /home/ilies/octopus_data_engineer_case_study/data_engineer_case_study/airflow/dags/octopus_pricing_pipeline.py","logger":"airflow.models.dagbag.DagBag"}
{"timestamp":"2025-05-12T22:56:42.806497","level":"info","event":"Secrets backends loaded for worker","count":1,"backend_classes":["EnvironmentVariablesBackend"],"logger":"supervisor"}
{"timestamp":"2025-05-12T22:56:42.886596","level":"info","event":"Secrets backends loaded for worker","count":1,"backend_classes":["EnvironmentVariablesBackend"],"logger":"supervisor"}
{"timestamp":"2025-05-12T22:56:42.979413","level":"info","event":"Secrets backends loaded for worker","count":1,"backend_classes":["EnvironmentVariablesBackend"],"logger":"supervisor"}
{"timestamp":"2025-05-12T22:56:43.068104","level":"info","event":"Connection Retrieved 'staging_postgres'","logger":"airflow.hooks.base"}
{"timestamp":"2025-05-12T22:56:43.080786","level":"info","event":"Triggering Dag Run.","trigger_dag_id":"***_pricing_pipeline","logger":"task"}
{"timestamp":"2025-05-12T22:56:43.177284","level":"info","event":"Dag Run triggered successfully.","trigger_dag_id":"***_pricing_pipeline","logger":"task"}
{"timestamp":"2025-05-12T22:56:43.177631","level":"info","event":"Waiting for dag run to complete execution in allowed state.","dag_id":"***_pricing_pipeline","run_id":"manual__2025-05-12T22:56:43.080613+00:00","allowed_state":["success"],"logger":"task"}
{"timestamp":"2025-05-12T22:57:43.242981","level":"info","event":"Waiting for dag run to complete execution in allowed state.","dag_id":"***_pricing_pipeline","run_id":"manual__2025-05-12T22:56:43.080613+00:00","allowed_state":["success"],"logger":"task"}
{"timestamp":"2025-05-12T22:58:43.308589","level":"info","event":"Waiting for dag run to complete execution in allowed state.","dag_id":"***_pricing_pipeline","run_id":"manual__2025-05-12T22:56:43.080613+00:00","allowed_state":["success"],"logger":"task"}
{"timestamp":"2025-05-12T22:59:43.374904","level":"info","event":"Waiting for dag run to complete execution in allowed state.","dag_id":"***_pricing_pipeline","run_id":"manual__2025-05-12T22:56:43.080613+00:00","allowed_state":["success"],"logger":"task"}
{"timestamp":"2025-05-12T23:00:43.442961","level":"info","event":"Waiting for dag run to complete execution in allowed state.","dag_id":"***_pricing_pipeline","run_id":"manual__2025-05-12T22:56:43.080613+00:00","allowed_state":["success"],"logger":"task"}
{"timestamp":"2025-05-12T23:01:43.518313","level":"info","event":"Waiting for dag run to complete execution in allowed state.","dag_id":"***_pricing_pipeline","run_id":"manual__2025-05-12T22:56:43.080613+00:00","allowed_state":["success"],"logger":"task"}
{"timestamp":"2025-05-12T23:02:43.586680","level":"info","event":"Waiting for dag run to complete execution in allowed state.","dag_id":"***_pricing_pipeline","run_id":"manual__2025-05-12T22:56:43.080613+00:00","allowed_state":["success"],"logger":"task"}
{"timestamp":"2025-05-12T23:03:43.658651","level":"info","event":"Waiting for dag run to complete execution in allowed state.","dag_id":"***_pricing_pipeline","run_id":"manual__2025-05-12T22:56:43.080613+00:00","allowed_state":["success"],"logger":"task"}
{"timestamp":"2025-05-12T23:04:43.723739","level":"info","event":"Waiting for dag run to complete execution in allowed state.","dag_id":"***_pricing_pipeline","run_id":"manual__2025-05-12T22:56:43.080613+00:00","allowed_state":["success"],"logger":"task"}
{"timestamp":"2025-05-12T23:05:43.782564","level":"info","event":"Waiting for dag run to complete execution in allowed state.","dag_id":"***_pricing_pipeline","run_id":"manual__2025-05-12T22:56:43.080613+00:00","allowed_state":["success"],"logger":"task"}
{"timestamp":"2025-05-12T23:06:43.847419","level":"info","event":"Waiting for dag run to complete execution in allowed state.","dag_id":"***_pricing_pipeline","run_id":"manual__2025-05-12T22:56:43.080613+00:00","allowed_state":["success"],"logger":"task"}
{"timestamp":"2025-05-12T23:06:53.890368Z","level":"error","event":"Server indicated the task shouldn't be running anymore. Terminating process","detail":{"detail":{"reason":"not_found","message":"Task Instance not found"}},"logger":"task"}
{"timestamp":"2025-05-12T23:06:53.901480Z","level":"error","event":"Task killed!","logger":"task"}
