{"timestamp":"2025-05-11T23:02:50.754451","level":"info","event":"DAG bundles loaded: dags-folder","logger":"airflow.dag_processing.bundles.manager.DagBundlesManager"}
{"timestamp":"2025-05-11T23:02:50.755133","level":"info","event":"Filling up the DagBag from /home/ilies/octopus_data_engineer_case_study/data_engineer_case_study/airflow/dags/octopus_pricing_pipeline.py","logger":"airflow.models.dagbag.DagBag"}
{"timestamp":"2025-05-11T23:02:51.116246","level":"info","event":"Secrets backends loaded for worker","count":1,"backend_classes":["EnvironmentVariablesBackend"],"logger":"supervisor"}
{"timestamp":"2025-05-11T23:02:51.127830","level":"info","event":"Secrets backends loaded for worker","count":1,"backend_classes":["EnvironmentVariablesBackend"],"logger":"supervisor"}
{"timestamp":"2025-05-11T23:02:51.138515","level":"info","event":"Connection Retrieved 'staging_postgres'","logger":"airflow.hooks.base"}
{"timestamp":"2025-05-11T23:02:51.145907","level":"info","event":"Tmp dir root location: /tmp","logger":"airflow.task.hooks.airflow.providers.standard.hooks.subprocess.SubprocessHook"}
{"timestamp":"2025-05-11T23:02:51.146513","level":"info","event":"Running command: ['/usr/bin/bash', '-c', 'cd /home/ilies/***_data_engineer_case_study/data_engineer_case_study/***_pricing && dbt run --models staging_* marts_* && dbt test']","logger":"airflow.task.hooks.airflow.providers.standard.hooks.subprocess.SubprocessHook"}
{"timestamp":"2025-05-11T23:02:51.154339","level":"info","event":"Output:","logger":"airflow.task.hooks.airflow.providers.standard.hooks.subprocess.SubprocessHook"}
{"timestamp":"2025-05-11T23:02:52.356937","level":"info","event":"\u001b[0m23:02:52  Running with dbt=1.9.4","logger":"airflow.task.hooks.airflow.providers.standard.hooks.subprocess.SubprocessHook"}
{"timestamp":"2025-05-11T23:02:52.560111","level":"info","event":"\u001b[0m23:02:52  Registered adapter: postgres=1.9.0","logger":"airflow.task.hooks.airflow.providers.standard.hooks.subprocess.SubprocessHook"}
{"timestamp":"2025-05-11T23:02:52.801240","level":"info","event":"\u001b[0m23:02:52  Found 2 models, 4 data tests, 433 macros","logger":"airflow.task.hooks.airflow.providers.standard.hooks.subprocess.SubprocessHook"}
{"timestamp":"2025-05-11T23:02:52.802188","level":"info","event":"\u001b[0m23:02:52  The selection criterion 'staging_*' does not match any enabled nodes","logger":"airflow.task.hooks.airflow.providers.standard.hooks.subprocess.SubprocessHook"}
{"timestamp":"2025-05-11T23:02:52.802794","level":"info","event":"\u001b[0m23:02:52  The selection criterion 'marts_*' does not match any enabled nodes","logger":"airflow.task.hooks.airflow.providers.standard.hooks.subprocess.SubprocessHook"}
{"timestamp":"2025-05-11T23:02:52.803930","level":"info","event":"\u001b[0m23:02:52  Nothing to do. Try checking your model configs and model specification args","logger":"airflow.task.hooks.airflow.providers.standard.hooks.subprocess.SubprocessHook"}
{"timestamp":"2025-05-11T23:02:54.921958","level":"info","event":"\u001b[0m23:02:54  Running with dbt=1.9.4","logger":"airflow.task.hooks.airflow.providers.standard.hooks.subprocess.SubprocessHook"}
{"timestamp":"2025-05-11T23:02:55.150328","level":"info","event":"\u001b[0m23:02:55  Registered adapter: postgres=1.9.0","logger":"airflow.task.hooks.airflow.providers.standard.hooks.subprocess.SubprocessHook"}
{"timestamp":"2025-05-11T23:02:55.424884","level":"info","event":"\u001b[0m23:02:55  Found 2 models, 4 data tests, 433 macros","logger":"airflow.task.hooks.airflow.providers.standard.hooks.subprocess.SubprocessHook"}
{"timestamp":"2025-05-11T23:02:55.426796","level":"info","event":"\u001b[0m23:02:55","logger":"airflow.task.hooks.airflow.providers.standard.hooks.subprocess.SubprocessHook"}
{"timestamp":"2025-05-11T23:02:55.427102","level":"info","event":"\u001b[0m23:02:55  Concurrency: 1 threads (target='dev')","logger":"airflow.task.hooks.airflow.providers.standard.hooks.subprocess.SubprocessHook"}
{"timestamp":"2025-05-11T23:02:55.427401","level":"info","event":"\u001b[0m23:02:55","logger":"airflow.task.hooks.airflow.providers.standard.hooks.subprocess.SubprocessHook"}
{"timestamp":"2025-05-11T23:02:55.550337","level":"info","event":"\u001b[0m23:02:55  1 of 4 START test not_null_my_first_dbt_model_id ............................... [RUN]","logger":"airflow.task.hooks.airflow.providers.standard.hooks.subprocess.SubprocessHook"}
{"timestamp":"2025-05-11T23:02:55.595200","level":"info","event":"\u001b[0m23:02:55  1 of 4 ERROR not_null_my_first_dbt_model_id .................................... [\u001b[31mERROR\u001b[0m in 0.04s]","logger":"airflow.task.hooks.airflow.providers.standard.hooks.subprocess.SubprocessHook"}
{"timestamp":"2025-05-11T23:02:55.597242","level":"info","event":"\u001b[0m23:02:55  2 of 4 START test not_null_my_second_dbt_model_id .............................. [RUN]","logger":"airflow.task.hooks.airflow.providers.standard.hooks.subprocess.SubprocessHook"}
{"timestamp":"2025-05-11T23:02:55.618639","level":"info","event":"\u001b[0m23:02:55  2 of 4 ERROR not_null_my_second_dbt_model_id ................................... [\u001b[31mERROR\u001b[0m in 0.02s]","logger":"airflow.task.hooks.airflow.providers.standard.hooks.subprocess.SubprocessHook"}
{"timestamp":"2025-05-11T23:02:55.621004","level":"info","event":"\u001b[0m23:02:55  3 of 4 START test unique_my_first_dbt_model_id ................................. [RUN]","logger":"airflow.task.hooks.airflow.providers.standard.hooks.subprocess.SubprocessHook"}
{"timestamp":"2025-05-11T23:02:55.642926","level":"info","event":"\u001b[0m23:02:55  3 of 4 ERROR unique_my_first_dbt_model_id ...................................... [\u001b[31mERROR\u001b[0m in 0.02s]","logger":"airflow.task.hooks.airflow.providers.standard.hooks.subprocess.SubprocessHook"}
{"timestamp":"2025-05-11T23:02:55.644981","level":"info","event":"\u001b[0m23:02:55  4 of 4 START test unique_my_second_dbt_model_id ................................ [RUN]","logger":"airflow.task.hooks.airflow.providers.standard.hooks.subprocess.SubprocessHook"}
{"timestamp":"2025-05-11T23:02:55.666310","level":"info","event":"\u001b[0m23:02:55  4 of 4 ERROR unique_my_second_dbt_model_id ..................................... [\u001b[31mERROR\u001b[0m in 0.02s]","logger":"airflow.task.hooks.airflow.providers.standard.hooks.subprocess.SubprocessHook"}
{"timestamp":"2025-05-11T23:02:55.679808","level":"info","event":"\u001b[0m23:02:55","logger":"airflow.task.hooks.airflow.providers.standard.hooks.subprocess.SubprocessHook"}
{"timestamp":"2025-05-11T23:02:55.679994","level":"info","event":"\u001b[0m23:02:55  Finished running 4 data tests in 0 hours 0 minutes and 0.25 seconds (0.25s).","logger":"airflow.task.hooks.airflow.providers.standard.hooks.subprocess.SubprocessHook"}
{"timestamp":"2025-05-11T23:02:55.707581","level":"info","event":"\u001b[0m23:02:55","logger":"airflow.task.hooks.airflow.providers.standard.hooks.subprocess.SubprocessHook"}
{"timestamp":"2025-05-11T23:02:55.708136","level":"info","event":"\u001b[0m23:02:55  \u001b[31mCompleted with 4 errors, 0 partial successes, and 0 warnings:\u001b[0m","logger":"airflow.task.hooks.airflow.providers.standard.hooks.subprocess.SubprocessHook"}
{"timestamp":"2025-05-11T23:02:55.708658","level":"info","event":"\u001b[0m23:02:55","logger":"airflow.task.hooks.airflow.providers.standard.hooks.subprocess.SubprocessHook"}
{"timestamp":"2025-05-11T23:02:55.709298","level":"info","event":"\u001b[0m23:02:55    Database Error in test not_null_my_first_dbt_model_id (models/example/schema.yml)","logger":"airflow.task.hooks.airflow.providers.standard.hooks.subprocess.SubprocessHook"}
{"timestamp":"2025-05-11T23:02:55.709399","level":"info","event":"  relation \"raw.my_first_dbt_model\" does not exist","logger":"airflow.task.hooks.airflow.providers.standard.hooks.subprocess.SubprocessHook"}
{"timestamp":"2025-05-11T23:02:55.709489","level":"info","event":"  LINE 14: from \"challenge_db\".\"raw\".\"my_first_dbt_model\"","logger":"airflow.task.hooks.airflow.providers.standard.hooks.subprocess.SubprocessHook"}
{"timestamp":"2025-05-11T23:02:55.709554","level":"info","event":"                ^","logger":"airflow.task.hooks.airflow.providers.standard.hooks.subprocess.SubprocessHook"}
{"timestamp":"2025-05-11T23:02:55.709607","level":"info","event":"  compiled code at target/run/***_pricing/models/example/schema.yml/not_null_my_first_dbt_model_id.sql","logger":"airflow.task.hooks.airflow.providers.standard.hooks.subprocess.SubprocessHook"}
{"timestamp":"2025-05-11T23:02:55.709836","level":"info","event":"\u001b[0m23:02:55","logger":"airflow.task.hooks.airflow.providers.standard.hooks.subprocess.SubprocessHook"}
{"timestamp":"2025-05-11T23:02:55.710483","level":"info","event":"\u001b[0m23:02:55    Database Error in test not_null_my_second_dbt_model_id (models/example/schema.yml)","logger":"airflow.task.hooks.airflow.providers.standard.hooks.subprocess.SubprocessHook"}
{"timestamp":"2025-05-11T23:02:55.710581","level":"info","event":"  relation \"raw.my_second_dbt_model\" does not exist","logger":"airflow.task.hooks.airflow.providers.standard.hooks.subprocess.SubprocessHook"}
{"timestamp":"2025-05-11T23:02:55.710628","level":"info","event":"  LINE 14: from \"challenge_db\".\"raw\".\"my_second_dbt_model\"","logger":"airflow.task.hooks.airflow.providers.standard.hooks.subprocess.SubprocessHook"}
{"timestamp":"2025-05-11T23:02:55.710662","level":"info","event":"                ^","logger":"airflow.task.hooks.airflow.providers.standard.hooks.subprocess.SubprocessHook"}
{"timestamp":"2025-05-11T23:02:55.710696","level":"info","event":"  compiled code at target/run/***_pricing/models/example/schema.yml/not_null_my_second_dbt_model_id.sql","logger":"airflow.task.hooks.airflow.providers.standard.hooks.subprocess.SubprocessHook"}
{"timestamp":"2025-05-11T23:02:55.710957","level":"info","event":"\u001b[0m23:02:55","logger":"airflow.task.hooks.airflow.providers.standard.hooks.subprocess.SubprocessHook"}
{"timestamp":"2025-05-11T23:02:55.711635","level":"info","event":"\u001b[0m23:02:55    Database Error in test unique_my_first_dbt_model_id (models/example/schema.yml)","logger":"airflow.task.hooks.airflow.providers.standard.hooks.subprocess.SubprocessHook"}
{"timestamp":"2025-05-11T23:02:55.711738","level":"info","event":"  relation \"raw.my_first_dbt_model\" does not exist","logger":"airflow.task.hooks.airflow.providers.standard.hooks.subprocess.SubprocessHook"}
{"timestamp":"2025-05-11T23:02:55.711785","level":"info","event":"  LINE 15: from \"challenge_db\".\"raw\".\"my_first_dbt_model\"","logger":"airflow.task.hooks.airflow.providers.standard.hooks.subprocess.SubprocessHook"}
{"timestamp":"2025-05-11T23:02:55.711821","level":"info","event":"                ^","logger":"airflow.task.hooks.airflow.providers.standard.hooks.subprocess.SubprocessHook"}
{"timestamp":"2025-05-11T23:02:55.711854","level":"info","event":"  compiled code at target/run/***_pricing/models/example/schema.yml/unique_my_first_dbt_model_id.sql","logger":"airflow.task.hooks.airflow.providers.standard.hooks.subprocess.SubprocessHook"}
{"timestamp":"2025-05-11T23:02:55.712147","level":"info","event":"\u001b[0m23:02:55","logger":"airflow.task.hooks.airflow.providers.standard.hooks.subprocess.SubprocessHook"}
{"timestamp":"2025-05-11T23:02:55.712706","level":"info","event":"\u001b[0m23:02:55    Database Error in test unique_my_second_dbt_model_id (models/example/schema.yml)","logger":"airflow.task.hooks.airflow.providers.standard.hooks.subprocess.SubprocessHook"}
{"timestamp":"2025-05-11T23:02:55.712786","level":"info","event":"  relation \"raw.my_second_dbt_model\" does not exist","logger":"airflow.task.hooks.airflow.providers.standard.hooks.subprocess.SubprocessHook"}
{"timestamp":"2025-05-11T23:02:55.712831","level":"info","event":"  LINE 15: from \"challenge_db\".\"raw\".\"my_second_dbt_model\"","logger":"airflow.task.hooks.airflow.providers.standard.hooks.subprocess.SubprocessHook"}
{"timestamp":"2025-05-11T23:02:55.712879","level":"info","event":"                ^","logger":"airflow.task.hooks.airflow.providers.standard.hooks.subprocess.SubprocessHook"}
{"timestamp":"2025-05-11T23:02:55.712925","level":"info","event":"  compiled code at target/run/***_pricing/models/example/schema.yml/unique_my_second_dbt_model_id.sql","logger":"airflow.task.hooks.airflow.providers.standard.hooks.subprocess.SubprocessHook"}
{"timestamp":"2025-05-11T23:02:55.713188","level":"info","event":"\u001b[0m23:02:55","logger":"airflow.task.hooks.airflow.providers.standard.hooks.subprocess.SubprocessHook"}
{"timestamp":"2025-05-11T23:02:55.713747","level":"info","event":"\u001b[0m23:02:55  Done. PASS=0 WARN=0 ERROR=4 SKIP=0 TOTAL=4","logger":"airflow.task.hooks.airflow.providers.standard.hooks.subprocess.SubprocessHook"}
{"timestamp":"2025-05-11T23:02:56.439192","level":"info","event":"Command exited with return code 1","logger":"airflow.task.hooks.airflow.providers.standard.hooks.subprocess.SubprocessHook"}
{"timestamp":"2025-05-11T23:02:56.440176","level":"error","event":"Task failed with exception","logger":"task","error_detail":[{"exc_type":"AirflowException","exc_value":"Bash command failed. The command returned a non-zero exit code 1.","exc_notes":[],"syntax_error":null,"is_cause":false,"frames":[{"filename":"/home/ilies/***_data_engineer_case_study/data_engineer_case_study/case_venv/lib/python3.10/site-packages/airflow/sdk/execution_time/task_runner.py","lineno":825,"name":"run"},{"filename":"/home/ilies/***_data_engineer_case_study/data_engineer_case_study/case_venv/lib/python3.10/site-packages/airflow/sdk/execution_time/task_runner.py","lineno":1088,"name":"_execute_task"},{"filename":"/home/ilies/***_data_engineer_case_study/data_engineer_case_study/case_venv/lib/python3.10/site-packages/airflow/sdk/bases/operator.py","lineno":408,"name":"wrapper"},{"filename":"/home/ilies/***_data_engineer_case_study/data_engineer_case_study/case_venv/lib/python3.10/site-packages/airflow/providers/standard/operators/bash.py","lineno":233,"name":"execute"}]}]}
