{"timestamp":"2025-05-13T00:10:40.251483","level":"info","event":"DAG bundles loaded: dags-folder","logger":"airflow.dag_processing.bundles.manager.DagBundlesManager"}
{"timestamp":"2025-05-13T00:10:40.252036","level":"info","event":"Filling up the DagBag from /home/ilies/octopus_data_engineer_case_study/data_engineer_case_study/airflow/dags/octopus_pricing_pipeline.py","logger":"airflow.models.dagbag.DagBag"}
{"timestamp":"2025-05-13T00:10:40.475963","level":"info","event":"Secrets backends loaded for worker","count":1,"backend_classes":["EnvironmentVariablesBackend"],"logger":"supervisor"}
{"timestamp":"2025-05-13T00:10:40.483696","level":"info","event":"Secrets backends loaded for worker","count":1,"backend_classes":["EnvironmentVariablesBackend"],"logger":"supervisor"}
{"timestamp":"2025-05-13T00:10:40.490596","level":"info","event":"Secrets backends loaded for worker","count":1,"backend_classes":["EnvironmentVariablesBackend"],"logger":"supervisor"}
{"timestamp":"2025-05-13T00:10:40.497581","level":"info","event":"Connection Retrieved 'staging_postgres'","logger":"airflow.hooks.base"}
{"timestamp":"2025-05-13T00:10:40.506083","level":"info","event":"Secrets backends loaded for worker","count":1,"backend_classes":["EnvironmentVariablesBackend"],"logger":"supervisor"}
{"timestamp":"2025-05-13T00:10:40.514028","level":"info","event":"Tmp dir root location: /tmp","logger":"airflow.task.hooks.airflow.providers.standard.hooks.subprocess.SubprocessHook"}
{"timestamp":"2025-05-13T00:10:40.516790","level":"info","event":"Running command: ['/usr/bin/bash', '-c', 'cd ***/***_pricing && dbt run --models final_analytics_table']","logger":"airflow.task.hooks.airflow.providers.standard.hooks.subprocess.SubprocessHook"}
{"timestamp":"2025-05-13T00:10:40.522904","level":"info","event":"Output:","logger":"airflow.task.hooks.airflow.providers.standard.hooks.subprocess.SubprocessHook"}
{"timestamp":"2025-05-13T00:10:41.801482","level":"info","event":"\u001b[0m00:10:41  Running with dbt=1.9.4","logger":"airflow.task.hooks.airflow.providers.standard.hooks.subprocess.SubprocessHook"}
{"timestamp":"2025-05-13T00:10:42.034655","level":"info","event":"\u001b[0m00:10:42  Registered adapter: postgres=1.9.0","logger":"airflow.task.hooks.airflow.providers.standard.hooks.subprocess.SubprocessHook"}
{"timestamp":"2025-05-13T00:10:42.270849","level":"info","event":"\u001b[0m00:10:42  Found 1 model, 5 sources, 433 macros","logger":"airflow.task.hooks.airflow.providers.standard.hooks.subprocess.SubprocessHook"}
{"timestamp":"2025-05-13T00:10:42.272385","level":"info","event":"\u001b[0m00:10:42","logger":"airflow.task.hooks.airflow.providers.standard.hooks.subprocess.SubprocessHook"}
{"timestamp":"2025-05-13T00:10:42.272652","level":"info","event":"\u001b[0m00:10:42  Concurrency: 4 threads (target='dev')","logger":"airflow.task.hooks.airflow.providers.standard.hooks.subprocess.SubprocessHook"}
{"timestamp":"2025-05-13T00:10:42.272976","level":"info","event":"\u001b[0m00:10:42","logger":"airflow.task.hooks.airflow.providers.standard.hooks.subprocess.SubprocessHook"}
{"timestamp":"2025-05-13T00:10:42.405661","level":"info","event":"\u001b[0m00:10:42  1 of 1 START sql incremental model analytics.final_analytics_table ............. [RUN]","logger":"airflow.task.hooks.airflow.providers.standard.hooks.subprocess.SubprocessHook"}
{"timestamp":"2025-05-13T00:10:42.545410","level":"info","event":"\u001b[0m00:10:42  1 of 1 OK created sql incremental model analytics.final_analytics_table ........ [\u001b[32mINSERT 0 0\u001b[0m in 0.14s]","logger":"airflow.task.hooks.airflow.providers.standard.hooks.subprocess.SubprocessHook"}
{"timestamp":"2025-05-13T00:10:42.556905","level":"info","event":"\u001b[0m00:10:42","logger":"airflow.task.hooks.airflow.providers.standard.hooks.subprocess.SubprocessHook"}
{"timestamp":"2025-05-13T00:10:42.557126","level":"info","event":"\u001b[0m00:10:42  Finished running 1 incremental model in 0 hours 0 minutes and 0.28 seconds (0.28s).","logger":"airflow.task.hooks.airflow.providers.standard.hooks.subprocess.SubprocessHook"}
{"timestamp":"2025-05-13T00:10:42.580507","level":"info","event":"\u001b[0m00:10:42","logger":"airflow.task.hooks.airflow.providers.standard.hooks.subprocess.SubprocessHook"}
{"timestamp":"2025-05-13T00:10:42.580899","level":"info","event":"\u001b[0m00:10:42  \u001b[32mCompleted successfully\u001b[0m","logger":"airflow.task.hooks.airflow.providers.standard.hooks.subprocess.SubprocessHook"}
{"timestamp":"2025-05-13T00:10:42.581475","level":"info","event":"\u001b[0m00:10:42","logger":"airflow.task.hooks.airflow.providers.standard.hooks.subprocess.SubprocessHook"}
{"timestamp":"2025-05-13T00:10:42.582004","level":"info","event":"\u001b[0m00:10:42  Done. PASS=1 WARN=0 ERROR=0 SKIP=0 TOTAL=1","logger":"airflow.task.hooks.airflow.providers.standard.hooks.subprocess.SubprocessHook"}
{"timestamp":"2025-05-13T00:10:43.190563","level":"info","event":"Command exited with return code 0","logger":"airflow.task.hooks.airflow.providers.standard.hooks.subprocess.SubprocessHook"}
{"timestamp":"2025-05-13T00:10:43.191130","level":"info","event":"Pushing xcom","ti":"RuntimeTaskInstance(id=UUID('0196c6fa-a8a7-72ca-ab4c-0d8867db3e06'), task_id='dbt_run', dag_id='***_pricing_midnight', run_id='manual__2025-05-13T00:10:38.109562+00:00', try_number=1, map_index=-1, hostname='Ille.', context_carrier=None, task=<Task(BashOperator): dbt_run>, bundle_instance=LocalDagBundle(name=dags-folder), max_tries=1, start_date=datetime.datetime(2025, 5, 13, 0, 10, 40, 218516, tzinfo=TzInfo(UTC)), end_date=None, is_mapped=False)","logger":"task"}
