{"timestamp":"2025-05-12T22:56:40.736937","level":"info","event":"DAG bundles loaded: dags-folder","logger":"airflow.dag_processing.bundles.manager.DagBundlesManager"}
{"timestamp":"2025-05-12T22:56:40.739617","level":"info","event":"Filling up the DagBag from /home/ilies/octopus_data_engineer_case_study/data_engineer_case_study/airflow/dags/octopus_pricing_pipeline.py","logger":"airflow.models.dagbag.DagBag"}
{"timestamp":"2025-05-12T22:56:41.132388","level":"info","event":"Secrets backends loaded for worker","count":1,"backend_classes":["EnvironmentVariablesBackend"],"logger":"supervisor"}
{"timestamp":"2025-05-12T22:56:41.141615","level":"info","event":"Secrets backends loaded for worker","count":1,"backend_classes":["EnvironmentVariablesBackend"],"logger":"supervisor"}
{"timestamp":"2025-05-12T22:56:41.149998","level":"info","event":"Secrets backends loaded for worker","count":1,"backend_classes":["EnvironmentVariablesBackend"],"logger":"supervisor"}
{"timestamp":"2025-05-12T22:56:41.161263","level":"info","event":"Connection Retrieved 'staging_postgres'","logger":"airflow.hooks.base"}
{"timestamp":"2025-05-12T22:56:41.179691","level":"info","event":"Triggering Dag Run.","trigger_dag_id":"***_pricing_pipeline","logger":"task"}
{"timestamp":"2025-05-12T22:56:41.233841","level":"info","event":"Dag Run triggered successfully.","trigger_dag_id":"***_pricing_pipeline","logger":"task"}
{"timestamp":"2025-05-12T22:56:41.234992","level":"info","event":"Waiting for dag run to complete execution in allowed state.","dag_id":"***_pricing_pipeline","run_id":"manual__2025-05-12T22:56:41.178632+00:00","allowed_state":["success"],"logger":"task"}
{"timestamp":"2025-05-12T22:57:41.289693","level":"info","event":"Waiting for dag run to complete execution in allowed state.","dag_id":"***_pricing_pipeline","run_id":"manual__2025-05-12T22:56:41.178632+00:00","allowed_state":["success"],"logger":"task"}
{"timestamp":"2025-05-12T22:58:41.347969","level":"info","event":"Waiting for dag run to complete execution in allowed state.","dag_id":"***_pricing_pipeline","run_id":"manual__2025-05-12T22:56:41.178632+00:00","allowed_state":["success"],"logger":"task"}
{"timestamp":"2025-05-12T22:59:41.413608","level":"info","event":"Waiting for dag run to complete execution in allowed state.","dag_id":"***_pricing_pipeline","run_id":"manual__2025-05-12T22:56:41.178632+00:00","allowed_state":["success"],"logger":"task"}
{"timestamp":"2025-05-12T23:00:41.431866","level":"info","event":"Waiting for dag run to complete execution in allowed state.","dag_id":"***_pricing_pipeline","run_id":"manual__2025-05-12T22:56:41.178632+00:00","allowed_state":["success"],"logger":"task"}
{"timestamp":"2025-05-12T23:01:41.499238","level":"info","event":"Waiting for dag run to complete execution in allowed state.","dag_id":"***_pricing_pipeline","run_id":"manual__2025-05-12T22:56:41.178632+00:00","allowed_state":["success"],"logger":"task"}
{"timestamp":"2025-05-12T23:02:41.561210","level":"info","event":"Waiting for dag run to complete execution in allowed state.","dag_id":"***_pricing_pipeline","run_id":"manual__2025-05-12T22:56:41.178632+00:00","allowed_state":["success"],"logger":"task"}
{"timestamp":"2025-05-12T23:03:41.630819","level":"info","event":"Waiting for dag run to complete execution in allowed state.","dag_id":"***_pricing_pipeline","run_id":"manual__2025-05-12T22:56:41.178632+00:00","allowed_state":["success"],"logger":"task"}
{"timestamp":"2025-05-12T23:04:41.695304","level":"info","event":"Waiting for dag run to complete execution in allowed state.","dag_id":"***_pricing_pipeline","run_id":"manual__2025-05-12T22:56:41.178632+00:00","allowed_state":["success"],"logger":"task"}
{"timestamp":"2025-05-12T23:05:41.760806","level":"info","event":"Waiting for dag run to complete execution in allowed state.","dag_id":"***_pricing_pipeline","run_id":"manual__2025-05-12T22:56:41.178632+00:00","allowed_state":["success"],"logger":"task"}
{"timestamp":"2025-05-12T23:06:41.813479","level":"info","event":"Waiting for dag run to complete execution in allowed state.","dag_id":"***_pricing_pipeline","run_id":"manual__2025-05-12T22:56:41.178632+00:00","allowed_state":["success"],"logger":"task"}
{"timestamp":"2025-05-12T23:06:56.889396Z","level":"error","event":"Server indicated the task shouldn't be running anymore. Terminating process","detail":{"detail":{"reason":"not_found","message":"Task Instance not found"}},"logger":"task"}
{"timestamp":"2025-05-12T23:06:56.897958Z","level":"error","event":"Task killed!","logger":"task"}
