{"timestamp":"2025-05-12T22:56:38.499499","level":"info","event":"DAG bundles loaded: dags-folder","logger":"airflow.dag_processing.bundles.manager.DagBundlesManager"}
{"timestamp":"2025-05-12T22:56:38.500308","level":"info","event":"Filling up the DagBag from /home/ilies/octopus_data_engineer_case_study/data_engineer_case_study/airflow/dags/octopus_pricing_pipeline.py","logger":"airflow.models.dagbag.DagBag"}
{"timestamp":"2025-05-12T22:56:39.201272","level":"info","event":"Secrets backends loaded for worker","count":1,"backend_classes":["EnvironmentVariablesBackend"],"logger":"supervisor"}
{"timestamp":"2025-05-12T22:56:39.211933","level":"info","event":"Secrets backends loaded for worker","count":1,"backend_classes":["EnvironmentVariablesBackend"],"logger":"supervisor"}
{"timestamp":"2025-05-12T22:56:39.226091","level":"info","event":"Secrets backends loaded for worker","count":1,"backend_classes":["EnvironmentVariablesBackend"],"logger":"supervisor"}
{"timestamp":"2025-05-12T22:56:39.235735","level":"info","event":"Connection Retrieved 'staging_postgres'","logger":"airflow.hooks.base"}
{"timestamp":"2025-05-12T22:56:39.245039","level":"info","event":"Triggering Dag Run.","trigger_dag_id":"***_pricing_pipeline","logger":"task"}
{"timestamp":"2025-05-12T22:56:39.291774","level":"info","event":"Dag Run triggered successfully.","trigger_dag_id":"***_pricing_pipeline","logger":"task"}
{"timestamp":"2025-05-12T22:56:39.292011","level":"info","event":"Waiting for dag run to complete execution in allowed state.","dag_id":"***_pricing_pipeline","run_id":"manual__2025-05-12T22:56:39.244902+00:00","allowed_state":["success"],"logger":"task"}
{"timestamp":"2025-05-12T22:57:39.360960","level":"info","event":"Waiting for dag run to complete execution in allowed state.","dag_id":"***_pricing_pipeline","run_id":"manual__2025-05-12T22:56:39.244902+00:00","allowed_state":["success"],"logger":"task"}
{"timestamp":"2025-05-12T22:58:39.429324","level":"info","event":"Waiting for dag run to complete execution in allowed state.","dag_id":"***_pricing_pipeline","run_id":"manual__2025-05-12T22:56:39.244902+00:00","allowed_state":["success"],"logger":"task"}
{"timestamp":"2025-05-12T22:59:39.489280","level":"info","event":"Waiting for dag run to complete execution in allowed state.","dag_id":"***_pricing_pipeline","run_id":"manual__2025-05-12T22:56:39.244902+00:00","allowed_state":["success"],"logger":"task"}
{"timestamp":"2025-05-12T23:00:39.521353","level":"info","event":"Waiting for dag run to complete execution in allowed state.","dag_id":"***_pricing_pipeline","run_id":"manual__2025-05-12T22:56:39.244902+00:00","allowed_state":["success"],"logger":"task"}
{"timestamp":"2025-05-12T23:01:39.613072","level":"info","event":"Waiting for dag run to complete execution in allowed state.","dag_id":"***_pricing_pipeline","run_id":"manual__2025-05-12T22:56:39.244902+00:00","allowed_state":["success"],"logger":"task"}
{"timestamp":"2025-05-12T23:02:39.672248","level":"info","event":"Waiting for dag run to complete execution in allowed state.","dag_id":"***_pricing_pipeline","run_id":"manual__2025-05-12T22:56:39.244902+00:00","allowed_state":["success"],"logger":"task"}
{"timestamp":"2025-05-12T23:03:39.741760","level":"info","event":"Waiting for dag run to complete execution in allowed state.","dag_id":"***_pricing_pipeline","run_id":"manual__2025-05-12T22:56:39.244902+00:00","allowed_state":["success"],"logger":"task"}
{"timestamp":"2025-05-12T23:04:39.811686","level":"info","event":"Waiting for dag run to complete execution in allowed state.","dag_id":"***_pricing_pipeline","run_id":"manual__2025-05-12T22:56:39.244902+00:00","allowed_state":["success"],"logger":"task"}
{"timestamp":"2025-05-12T23:05:39.855340","level":"info","event":"Waiting for dag run to complete execution in allowed state.","dag_id":"***_pricing_pipeline","run_id":"manual__2025-05-12T22:56:39.244902+00:00","allowed_state":["success"],"logger":"task"}
{"timestamp":"2025-05-12T23:06:39.925177","level":"info","event":"Waiting for dag run to complete execution in allowed state.","dag_id":"***_pricing_pipeline","run_id":"manual__2025-05-12T22:56:39.244902+00:00","allowed_state":["success"],"logger":"task"}
{"timestamp":"2025-05-12T23:06:54.978284Z","level":"error","event":"Server indicated the task shouldn't be running anymore. Terminating process","detail":{"detail":{"reason":"not_found","message":"Task Instance not found"}},"logger":"task"}
{"timestamp":"2025-05-12T23:06:54.989443Z","level":"error","event":"Task killed!","logger":"task"}
