{"timestamp":"2025-05-12T14:30:35.048535","level":"info","event":"DAG bundles loaded: dags-folder","logger":"airflow.dag_processing.bundles.manager.DagBundlesManager"}
{"timestamp":"2025-05-12T14:30:35.049083","level":"info","event":"Filling up the DagBag from /home/ilies/octopus_data_engineer_case_study/data_engineer_case_study/airflow/dags/octopus_pricing_pipeline.py","logger":"airflow.models.dagbag.DagBag"}
{"timestamp":"2025-05-12T14:30:35.272431","level":"info","event":"Secrets backends loaded for worker","count":1,"backend_classes":["EnvironmentVariablesBackend"],"logger":"supervisor"}
{"timestamp":"2025-05-12T14:30:35.280637","level":"info","event":"Secrets backends loaded for worker","count":1,"backend_classes":["EnvironmentVariablesBackend"],"logger":"supervisor"}
{"timestamp":"2025-05-12T14:30:35.288033","level":"info","event":"Secrets backends loaded for worker","count":1,"backend_classes":["EnvironmentVariablesBackend"],"logger":"supervisor"}
{"timestamp":"2025-05-12T14:30:35.295746","level":"info","event":"Connection Retrieved 'staging_postgres'","logger":"airflow.hooks.base"}
{"timestamp":"2025-05-12T14:30:35.304296","level":"info","event":"Tmp dir root location: /tmp","logger":"airflow.task.hooks.airflow.providers.standard.hooks.subprocess.SubprocessHook"}
{"timestamp":"2025-05-12T14:30:35.305062","level":"info","event":"Running command: ['/usr/bin/bash', '-c', 'cd ***/***_pricing && dbt run --models final_analytics_table']","logger":"airflow.task.hooks.airflow.providers.standard.hooks.subprocess.SubprocessHook"}
{"timestamp":"2025-05-12T14:30:35.312696","level":"info","event":"Output:","logger":"airflow.task.hooks.airflow.providers.standard.hooks.subprocess.SubprocessHook"}
{"timestamp":"2025-05-12T14:30:36.535378","level":"info","event":"\u001b[0m14:30:36  Running with dbt=1.9.4","logger":"airflow.task.hooks.airflow.providers.standard.hooks.subprocess.SubprocessHook"}
{"timestamp":"2025-05-12T14:30:36.748782","level":"info","event":"\u001b[0m14:30:36  Registered adapter: postgres=1.9.0","logger":"airflow.task.hooks.airflow.providers.standard.hooks.subprocess.SubprocessHook"}
{"timestamp":"2025-05-12T14:30:37.081232","level":"info","event":"\u001b[0m14:30:37  [\u001b[33mWARNING\u001b[0m]: Configuration paths exist in your dbt_project.yml file which do not apply to any resources.","logger":"airflow.task.hooks.airflow.providers.standard.hooks.subprocess.SubprocessHook"}
{"timestamp":"2025-05-12T14:30:37.081403","level":"info","event":"There are 1 unused configuration paths:","logger":"airflow.task.hooks.airflow.providers.standard.hooks.subprocess.SubprocessHook"}
{"timestamp":"2025-05-12T14:30:37.081453","level":"info","event":"- models.***_pricing.final_analytics_table","logger":"airflow.task.hooks.airflow.providers.standard.hooks.subprocess.SubprocessHook"}
{"timestamp":"2025-05-12T14:30:37.184616","level":"info","event":"\u001b[0m14:30:37  Found 4 models, 433 macros","logger":"airflow.task.hooks.airflow.providers.standard.hooks.subprocess.SubprocessHook"}
{"timestamp":"2025-05-12T14:30:37.185905","level":"info","event":"\u001b[0m14:30:37","logger":"airflow.task.hooks.airflow.providers.standard.hooks.subprocess.SubprocessHook"}
{"timestamp":"2025-05-12T14:30:37.186145","level":"info","event":"\u001b[0m14:30:37  Concurrency: 4 threads (target='dev')","logger":"airflow.task.hooks.airflow.providers.standard.hooks.subprocess.SubprocessHook"}
{"timestamp":"2025-05-12T14:30:37.186377","level":"info","event":"\u001b[0m14:30:37","logger":"airflow.task.hooks.airflow.providers.standard.hooks.subprocess.SubprocessHook"}
{"timestamp":"2025-05-12T14:30:37.268909","level":"info","event":"\u001b[0m14:30:37  1 of 1 START sql view model analytics.final_analytics_table .................... [RUN]","logger":"airflow.task.hooks.airflow.providers.standard.hooks.subprocess.SubprocessHook"}
{"timestamp":"2025-05-12T14:30:37.317912","level":"info","event":"\u001b[0m14:30:37  1 of 1 ERROR creating sql view model analytics.final_analytics_table ........... [\u001b[31mERROR\u001b[0m in 0.05s]","logger":"airflow.task.hooks.airflow.providers.standard.hooks.subprocess.SubprocessHook"}
{"timestamp":"2025-05-12T14:30:37.330460","level":"info","event":"\u001b[0m14:30:37","logger":"airflow.task.hooks.airflow.providers.standard.hooks.subprocess.SubprocessHook"}
{"timestamp":"2025-05-12T14:30:37.330662","level":"info","event":"\u001b[0m14:30:37  Finished running 1 view model in 0 hours 0 minutes and 0.14 seconds (0.14s).","logger":"airflow.task.hooks.airflow.providers.standard.hooks.subprocess.SubprocessHook"}
{"timestamp":"2025-05-12T14:30:37.355371","level":"info","event":"\u001b[0m14:30:37","logger":"airflow.task.hooks.airflow.providers.standard.hooks.subprocess.SubprocessHook"}
{"timestamp":"2025-05-12T14:30:37.355616","level":"info","event":"\u001b[0m14:30:37  \u001b[31mCompleted with 1 error, 0 partial successes, and 0 warnings:\u001b[0m","logger":"airflow.task.hooks.airflow.providers.standard.hooks.subprocess.SubprocessHook"}
{"timestamp":"2025-05-12T14:30:37.355972","level":"info","event":"\u001b[0m14:30:37","logger":"airflow.task.hooks.airflow.providers.standard.hooks.subprocess.SubprocessHook"}
{"timestamp":"2025-05-12T14:30:37.356284","level":"info","event":"\u001b[0m14:30:37    Database Error in model final_analytics_table (models/final_analytics/final_analytics_table.sql)","logger":"airflow.task.hooks.airflow.providers.standard.hooks.subprocess.SubprocessHook"}
{"timestamp":"2025-05-12T14:30:37.356374","level":"info","event":"  syntax error at or near \"from\"","logger":"airflow.task.hooks.airflow.providers.standard.hooks.subprocess.SubprocessHook"}
{"timestamp":"2025-05-12T14:30:37.356415","level":"info","event":"  LINE 13:     from \"challenge_db\".\"analytics\".\"staging_network_costs\"","logger":"airflow.task.hooks.airflow.providers.standard.hooks.subprocess.SubprocessHook"}
{"timestamp":"2025-05-12T14:30:37.356449","level":"info","event":"               ^","logger":"airflow.task.hooks.airflow.providers.standard.hooks.subprocess.SubprocessHook"}
{"timestamp":"2025-05-12T14:30:37.356484","level":"info","event":"  compiled code at target/run/***_pricing/models/final_analytics/final_analytics_table.sql","logger":"airflow.task.hooks.airflow.providers.standard.hooks.subprocess.SubprocessHook"}
{"timestamp":"2025-05-12T14:30:37.356554","level":"info","event":"\u001b[0m14:30:37","logger":"airflow.task.hooks.airflow.providers.standard.hooks.subprocess.SubprocessHook"}
{"timestamp":"2025-05-12T14:30:37.356843","level":"info","event":"\u001b[0m14:30:37  Done. PASS=0 WARN=0 ERROR=1 SKIP=0 TOTAL=1","logger":"airflow.task.hooks.airflow.providers.standard.hooks.subprocess.SubprocessHook"}
{"timestamp":"2025-05-12T14:30:37.997573","level":"info","event":"Command exited with return code 1","logger":"airflow.task.hooks.airflow.providers.standard.hooks.subprocess.SubprocessHook"}
{"timestamp":"2025-05-12T14:30:37.998100","level":"error","event":"Task failed with exception","logger":"task","error_detail":[{"exc_type":"AirflowException","exc_value":"Bash command failed. The command returned a non-zero exit code 1.","exc_notes":[],"syntax_error":null,"is_cause":false,"frames":[{"filename":"***/case_venv/lib/python3.10/site-packages/airflow/sdk/execution_time/task_runner.py","lineno":825,"name":"run"},{"filename":"***/case_venv/lib/python3.10/site-packages/airflow/sdk/execution_time/task_runner.py","lineno":1088,"name":"_execute_task"},{"filename":"***/case_venv/lib/python3.10/site-packages/airflow/sdk/bases/operator.py","lineno":408,"name":"wrapper"},{"filename":"***/case_venv/lib/python3.10/site-packages/airflow/providers/standard/operators/bash.py","lineno":233,"name":"execute"}]}]}
