{"timestamp":"2025-05-12T19:07:24.812715","level":"info","event":"DAG bundles loaded: dags-folder","logger":"airflow.dag_processing.bundles.manager.DagBundlesManager"}
{"timestamp":"2025-05-12T19:07:24.813299","level":"info","event":"Filling up the DagBag from /home/ilies/octopus_data_engineer_case_study/data_engineer_case_study/airflow/dags/octopus_pricing_pipeline.py","logger":"airflow.models.dagbag.DagBag"}
{"timestamp":"2025-05-12T19:07:25.078322","level":"info","event":"Secrets backends loaded for worker","count":1,"backend_classes":["EnvironmentVariablesBackend"],"logger":"supervisor"}
{"timestamp":"2025-05-12T19:07:25.085488","level":"info","event":"Secrets backends loaded for worker","count":1,"backend_classes":["EnvironmentVariablesBackend"],"logger":"supervisor"}
{"timestamp":"2025-05-12T19:07:25.093437","level":"info","event":"Secrets backends loaded for worker","count":1,"backend_classes":["EnvironmentVariablesBackend"],"logger":"supervisor"}
{"timestamp":"2025-05-12T19:07:25.101097","level":"info","event":"Connection Retrieved 'staging_postgres'","logger":"airflow.hooks.base"}
{"timestamp":"2025-05-12T19:07:25.110886","level":"info","event":"Tmp dir root location: /tmp","logger":"airflow.task.hooks.airflow.providers.standard.hooks.subprocess.SubprocessHook"}
{"timestamp":"2025-05-12T19:07:25.111654","level":"info","event":"Running command: ['/usr/bin/bash', '-c', 'cd ***/***_pricing && dbt run --models final_analytics_table']","logger":"airflow.task.hooks.airflow.providers.standard.hooks.subprocess.SubprocessHook"}
{"timestamp":"2025-05-12T19:07:25.118212","level":"info","event":"Output:","logger":"airflow.task.hooks.airflow.providers.standard.hooks.subprocess.SubprocessHook"}
{"timestamp":"2025-05-12T19:07:26.224856","level":"info","event":"\u001b[0m19:07:26  Running with dbt=1.9.4","logger":"airflow.task.hooks.airflow.providers.standard.hooks.subprocess.SubprocessHook"}
{"timestamp":"2025-05-12T19:07:26.427805","level":"info","event":"\u001b[0m19:07:26  Registered adapter: postgres=1.9.0","logger":"airflow.task.hooks.airflow.providers.standard.hooks.subprocess.SubprocessHook"}
{"timestamp":"2025-05-12T19:07:26.655482","level":"info","event":"\u001b[0m19:07:26  Found 1 model, 5 sources, 433 macros","logger":"airflow.task.hooks.airflow.providers.standard.hooks.subprocess.SubprocessHook"}
{"timestamp":"2025-05-12T19:07:26.657176","level":"info","event":"\u001b[0m19:07:26","logger":"airflow.task.hooks.airflow.providers.standard.hooks.subprocess.SubprocessHook"}
{"timestamp":"2025-05-12T19:07:26.657468","level":"info","event":"\u001b[0m19:07:26  Concurrency: 4 threads (target='dev')","logger":"airflow.task.hooks.airflow.providers.standard.hooks.subprocess.SubprocessHook"}
{"timestamp":"2025-05-12T19:07:26.657782","level":"info","event":"\u001b[0m19:07:26","logger":"airflow.task.hooks.airflow.providers.standard.hooks.subprocess.SubprocessHook"}
{"timestamp":"2025-05-12T19:07:26.782033","level":"info","event":"\u001b[0m19:07:26  1 of 1 START sql incremental model analytics.final_analytics_table ............. [RUN]","logger":"airflow.task.hooks.airflow.providers.standard.hooks.subprocess.SubprocessHook"}
{"timestamp":"2025-05-12T19:07:27.000073","level":"info","event":"\u001b[0m19:07:26  1 of 1 OK created sql incremental model analytics.final_analytics_table ........ [\u001b[32mINSERT 0 33550\u001b[0m in 0.22s]","logger":"airflow.task.hooks.airflow.providers.standard.hooks.subprocess.SubprocessHook"}
{"timestamp":"2025-05-12T19:07:27.011185","level":"info","event":"\u001b[0m19:07:27","logger":"airflow.task.hooks.airflow.providers.standard.hooks.subprocess.SubprocessHook"}
{"timestamp":"2025-05-12T19:07:27.011427","level":"info","event":"\u001b[0m19:07:27  Finished running 1 incremental model in 0 hours 0 minutes and 0.35 seconds (0.35s).","logger":"airflow.task.hooks.airflow.providers.standard.hooks.subprocess.SubprocessHook"}
{"timestamp":"2025-05-12T19:07:27.036185","level":"info","event":"\u001b[0m19:07:27","logger":"airflow.task.hooks.airflow.providers.standard.hooks.subprocess.SubprocessHook"}
{"timestamp":"2025-05-12T19:07:27.036414","level":"info","event":"\u001b[0m19:07:27  \u001b[32mCompleted successfully\u001b[0m","logger":"airflow.task.hooks.airflow.providers.standard.hooks.subprocess.SubprocessHook"}
{"timestamp":"2025-05-12T19:07:27.036693","level":"info","event":"\u001b[0m19:07:27","logger":"airflow.task.hooks.airflow.providers.standard.hooks.subprocess.SubprocessHook"}
{"timestamp":"2025-05-12T19:07:27.037124","level":"info","event":"\u001b[0m19:07:27  Done. PASS=1 WARN=0 ERROR=0 SKIP=0 TOTAL=1","logger":"airflow.task.hooks.airflow.providers.standard.hooks.subprocess.SubprocessHook"}
{"timestamp":"2025-05-12T19:07:27.665307","level":"info","event":"Command exited with return code 0","logger":"airflow.task.hooks.airflow.providers.standard.hooks.subprocess.SubprocessHook"}
{"timestamp":"2025-05-12T19:07:27.665874","level":"info","event":"Pushing xcom","ti":"RuntimeTaskInstance(id=UUID('0196c5e4-feb4-7db5-b782-a6920278b97c'), task_id='dbt_run', dag_id='***_pricing_pipeline', run_id='manual__2025-05-12T19:07:21.123763+00:00', try_number=1, map_index=-1, hostname='Ille.', context_carrier=None, task=<Task(BashOperator): dbt_run>, bundle_instance=LocalDagBundle(name=dags-folder), max_tries=1, start_date=datetime.datetime(2025, 5, 12, 19, 7, 24, 781318, tzinfo=TzInfo(UTC)), end_date=None, is_mapped=False)","logger":"task"}
