{"timestamp":"2025-05-12T20:27:58.112979","level":"info","event":"DAG bundles loaded: dags-folder","logger":"airflow.dag_processing.bundles.manager.DagBundlesManager"}
{"timestamp":"2025-05-12T20:27:58.113588","level":"info","event":"Filling up the DagBag from /home/ilies/octopus_data_engineer_case_study/data_engineer_case_study/airflow/dags/octopus_pricing_pipeline.py","logger":"airflow.models.dagbag.DagBag"}
{"timestamp":"2025-05-12T20:27:58.371352","level":"info","event":"Secrets backends loaded for worker","count":1,"backend_classes":["EnvironmentVariablesBackend"],"logger":"supervisor"}
{"timestamp":"2025-05-12T20:27:58.379418","level":"info","event":"Secrets backends loaded for worker","count":1,"backend_classes":["EnvironmentVariablesBackend"],"logger":"supervisor"}
{"timestamp":"2025-05-12T20:27:58.388334","level":"info","event":"Secrets backends loaded for worker","count":1,"backend_classes":["EnvironmentVariablesBackend"],"logger":"supervisor"}
{"timestamp":"2025-05-12T20:27:58.396579","level":"info","event":"Connection Retrieved 'staging_postgres'","logger":"airflow.hooks.base"}
{"timestamp":"2025-05-12T20:27:58.406479","level":"info","event":"Tmp dir root location: /tmp","logger":"airflow.task.hooks.airflow.providers.standard.hooks.subprocess.SubprocessHook"}
{"timestamp":"2025-05-12T20:27:58.409365","level":"info","event":"Running command: ['/usr/bin/bash', '-c', 'cd ***/***_pricing && dbt run --models final_analytics_table']","logger":"airflow.task.hooks.airflow.providers.standard.hooks.subprocess.SubprocessHook"}
{"timestamp":"2025-05-12T20:27:58.417012","level":"info","event":"Output:","logger":"airflow.task.hooks.airflow.providers.standard.hooks.subprocess.SubprocessHook"}
{"timestamp":"2025-05-12T20:27:59.864402","level":"info","event":"\u001b[0m20:27:59  Running with dbt=1.9.4","logger":"airflow.task.hooks.airflow.providers.standard.hooks.subprocess.SubprocessHook"}
{"timestamp":"2025-05-12T20:28:00.084349","level":"info","event":"\u001b[0m20:28:00  Registered adapter: postgres=1.9.0","logger":"airflow.task.hooks.airflow.providers.standard.hooks.subprocess.SubprocessHook"}
{"timestamp":"2025-05-12T20:28:00.324960","level":"info","event":"\u001b[0m20:28:00  Found 1 model, 5 sources, 433 macros","logger":"airflow.task.hooks.airflow.providers.standard.hooks.subprocess.SubprocessHook"}
{"timestamp":"2025-05-12T20:28:00.326395","level":"info","event":"\u001b[0m20:28:00","logger":"airflow.task.hooks.airflow.providers.standard.hooks.subprocess.SubprocessHook"}
{"timestamp":"2025-05-12T20:28:00.326658","level":"info","event":"\u001b[0m20:28:00  Concurrency: 4 threads (target='dev')","logger":"airflow.task.hooks.airflow.providers.standard.hooks.subprocess.SubprocessHook"}
{"timestamp":"2025-05-12T20:28:00.326904","level":"info","event":"\u001b[0m20:28:00","logger":"airflow.task.hooks.airflow.providers.standard.hooks.subprocess.SubprocessHook"}
{"timestamp":"2025-05-12T20:28:00.471138","level":"info","event":"\u001b[0m20:28:00  1 of 1 START sql incremental model analytics.final_analytics_table ............. [RUN]","logger":"airflow.task.hooks.airflow.providers.standard.hooks.subprocess.SubprocessHook"}
{"timestamp":"2025-05-12T20:28:00.718134","level":"info","event":"\u001b[0m20:28:00  1 of 1 OK created sql incremental model analytics.final_analytics_table ........ [\u001b[32mINSERT 0 33550\u001b[0m in 0.24s]","logger":"airflow.task.hooks.airflow.providers.standard.hooks.subprocess.SubprocessHook"}
{"timestamp":"2025-05-12T20:28:00.729149","level":"info","event":"\u001b[0m20:28:00","logger":"airflow.task.hooks.airflow.providers.standard.hooks.subprocess.SubprocessHook"}
{"timestamp":"2025-05-12T20:28:00.729376","level":"info","event":"\u001b[0m20:28:00  Finished running 1 incremental model in 0 hours 0 minutes and 0.40 seconds (0.40s).","logger":"airflow.task.hooks.airflow.providers.standard.hooks.subprocess.SubprocessHook"}
{"timestamp":"2025-05-12T20:28:00.754244","level":"info","event":"\u001b[0m20:28:00","logger":"airflow.task.hooks.airflow.providers.standard.hooks.subprocess.SubprocessHook"}
{"timestamp":"2025-05-12T20:28:00.754553","level":"info","event":"\u001b[0m20:28:00  \u001b[32mCompleted successfully\u001b[0m","logger":"airflow.task.hooks.airflow.providers.standard.hooks.subprocess.SubprocessHook"}
{"timestamp":"2025-05-12T20:28:00.754919","level":"info","event":"\u001b[0m20:28:00","logger":"airflow.task.hooks.airflow.providers.standard.hooks.subprocess.SubprocessHook"}
{"timestamp":"2025-05-12T20:28:00.755300","level":"info","event":"\u001b[0m20:28:00  Done. PASS=1 WARN=0 ERROR=0 SKIP=0 TOTAL=1","logger":"airflow.task.hooks.airflow.providers.standard.hooks.subprocess.SubprocessHook"}
{"timestamp":"2025-05-12T20:28:01.431117","level":"info","event":"Command exited with return code 0","logger":"airflow.task.hooks.airflow.providers.standard.hooks.subprocess.SubprocessHook"}
{"timestamp":"2025-05-12T20:28:01.431880","level":"info","event":"Pushing xcom","ti":"RuntimeTaskInstance(id=UUID('0196c62e-b9fc-79fb-b9b2-5ecb058008ec'), task_id='dbt_run', dag_id='***_pricing_pipeline', run_id='manual__2025-05-12T20:27:53.188271+00:00', try_number=1, map_index=-1, hostname='Ille.', context_carrier=None, task=<Task(BashOperator): dbt_run>, bundle_instance=LocalDagBundle(name=dags-folder), max_tries=1, start_date=datetime.datetime(2025, 5, 12, 20, 27, 58, 79233, tzinfo=TzInfo(UTC)), end_date=None, is_mapped=False)","logger":"task"}
