{"timestamp":"2025-05-12T15:03:36.859232","level":"info","event":"DAG bundles loaded: dags-folder","logger":"airflow.dag_processing.bundles.manager.DagBundlesManager"}
{"timestamp":"2025-05-12T15:03:36.860345","level":"info","event":"Filling up the DagBag from /home/ilies/octopus_data_engineer_case_study/data_engineer_case_study/airflow/dags/octopus_pricing_pipeline.py","logger":"airflow.models.dagbag.DagBag"}
{"timestamp":"2025-05-12T15:03:37.129804","level":"info","event":"Secrets backends loaded for worker","count":1,"backend_classes":["EnvironmentVariablesBackend"],"logger":"supervisor"}
{"timestamp":"2025-05-12T15:03:37.138363","level":"info","event":"Secrets backends loaded for worker","count":1,"backend_classes":["EnvironmentVariablesBackend"],"logger":"supervisor"}
{"timestamp":"2025-05-12T15:03:37.149163","level":"info","event":"Secrets backends loaded for worker","count":1,"backend_classes":["EnvironmentVariablesBackend"],"logger":"supervisor"}
{"timestamp":"2025-05-12T15:03:37.161180","level":"info","event":"Connection Retrieved 'staging_postgres'","logger":"airflow.hooks.base"}
{"timestamp":"2025-05-12T15:03:37.171584","level":"info","event":"Tmp dir root location: /tmp","logger":"airflow.task.hooks.airflow.providers.standard.hooks.subprocess.SubprocessHook"}
{"timestamp":"2025-05-12T15:03:37.172445","level":"info","event":"Running command: ['/usr/bin/bash', '-c', 'cd ***/***_pricing && dbt run --models final_analytics_table']","logger":"airflow.task.hooks.airflow.providers.standard.hooks.subprocess.SubprocessHook"}
{"timestamp":"2025-05-12T15:03:37.182649","level":"info","event":"Output:","logger":"airflow.task.hooks.airflow.providers.standard.hooks.subprocess.SubprocessHook"}
{"timestamp":"2025-05-12T15:03:38.406619","level":"info","event":"\u001b[0m15:03:38  Running with dbt=1.9.4","logger":"airflow.task.hooks.airflow.providers.standard.hooks.subprocess.SubprocessHook"}
{"timestamp":"2025-05-12T15:03:38.639749","level":"info","event":"\u001b[0m15:03:38  Registered adapter: postgres=1.9.0","logger":"airflow.task.hooks.airflow.providers.standard.hooks.subprocess.SubprocessHook"}
{"timestamp":"2025-05-12T15:03:38.881534","level":"info","event":"\u001b[0m15:03:38  Found 4 models, 4 sources, 433 macros","logger":"airflow.task.hooks.airflow.providers.standard.hooks.subprocess.SubprocessHook"}
{"timestamp":"2025-05-12T15:03:38.882931","level":"info","event":"\u001b[0m15:03:38","logger":"airflow.task.hooks.airflow.providers.standard.hooks.subprocess.SubprocessHook"}
{"timestamp":"2025-05-12T15:03:38.883221","level":"info","event":"\u001b[0m15:03:38  Concurrency: 4 threads (target='dev')","logger":"airflow.task.hooks.airflow.providers.standard.hooks.subprocess.SubprocessHook"}
{"timestamp":"2025-05-12T15:03:38.883585","level":"info","event":"\u001b[0m15:03:38","logger":"airflow.task.hooks.airflow.providers.standard.hooks.subprocess.SubprocessHook"}
{"timestamp":"2025-05-12T15:03:39.029060","level":"info","event":"\u001b[0m15:03:39  1 of 1 START sql table model analytics.final_analytics_table ................... [RUN]","logger":"airflow.task.hooks.airflow.providers.standard.hooks.subprocess.SubprocessHook"}
{"timestamp":"2025-05-12T15:03:39.083142","level":"info","event":"\u001b[0m15:03:39  1 of 1 ERROR creating sql table model analytics.final_analytics_table .......... [\u001b[31mERROR\u001b[0m in 0.05s]","logger":"airflow.task.hooks.airflow.providers.standard.hooks.subprocess.SubprocessHook"}
{"timestamp":"2025-05-12T15:03:39.097629","level":"info","event":"\u001b[0m15:03:39","logger":"airflow.task.hooks.airflow.providers.standard.hooks.subprocess.SubprocessHook"}
{"timestamp":"2025-05-12T15:03:39.097839","level":"info","event":"\u001b[0m15:03:39  Finished running 1 table model in 0 hours 0 minutes and 0.21 seconds (0.21s).","logger":"airflow.task.hooks.airflow.providers.standard.hooks.subprocess.SubprocessHook"}
{"timestamp":"2025-05-12T15:03:39.129085","level":"info","event":"\u001b[0m15:03:39","logger":"airflow.task.hooks.airflow.providers.standard.hooks.subprocess.SubprocessHook"}
{"timestamp":"2025-05-12T15:03:39.129374","level":"info","event":"\u001b[0m15:03:39  \u001b[31mCompleted with 1 error, 0 partial successes, and 0 warnings:\u001b[0m","logger":"airflow.task.hooks.airflow.providers.standard.hooks.subprocess.SubprocessHook"}
{"timestamp":"2025-05-12T15:03:39.129691","level":"info","event":"\u001b[0m15:03:39","logger":"airflow.task.hooks.airflow.providers.standard.hooks.subprocess.SubprocessHook"}
{"timestamp":"2025-05-12T15:03:39.130094","level":"info","event":"\u001b[0m15:03:39    Database Error in model final_analytics_table (models/final_analytics_table.sql)","logger":"airflow.task.hooks.airflow.providers.standard.hooks.subprocess.SubprocessHook"}
{"timestamp":"2025-05-12T15:03:39.130159","level":"info","event":"  syntax error at or near \"from\"","logger":"airflow.task.hooks.airflow.providers.standard.hooks.subprocess.SubprocessHook"}
{"timestamp":"2025-05-12T15:03:39.130206","level":"info","event":"  LINE 18:     from \"challenge_db\".\"raw_data\".\"network_costs\"","logger":"airflow.task.hooks.airflow.providers.standard.hooks.subprocess.SubprocessHook"}
{"timestamp":"2025-05-12T15:03:39.130241","level":"info","event":"               ^","logger":"airflow.task.hooks.airflow.providers.standard.hooks.subprocess.SubprocessHook"}
{"timestamp":"2025-05-12T15:03:39.130273","level":"info","event":"  compiled code at target/run/***_pricing/models/final_analytics_table.sql","logger":"airflow.task.hooks.airflow.providers.standard.hooks.subprocess.SubprocessHook"}
{"timestamp":"2025-05-12T15:03:39.130377","level":"info","event":"\u001b[0m15:03:39","logger":"airflow.task.hooks.airflow.providers.standard.hooks.subprocess.SubprocessHook"}
{"timestamp":"2025-05-12T15:03:39.130682","level":"info","event":"\u001b[0m15:03:39  Done. PASS=0 WARN=0 ERROR=1 SKIP=0 TOTAL=1","logger":"airflow.task.hooks.airflow.providers.standard.hooks.subprocess.SubprocessHook"}
{"timestamp":"2025-05-12T15:03:39.838079","level":"info","event":"Command exited with return code 1","logger":"airflow.task.hooks.airflow.providers.standard.hooks.subprocess.SubprocessHook"}
{"timestamp":"2025-05-12T15:03:39.838685","level":"error","event":"Task failed with exception","logger":"task","error_detail":[{"exc_type":"AirflowException","exc_value":"Bash command failed. The command returned a non-zero exit code 1.","exc_notes":[],"syntax_error":null,"is_cause":false,"frames":[{"filename":"***/case_venv/lib/python3.10/site-packages/airflow/sdk/execution_time/task_runner.py","lineno":825,"name":"run"},{"filename":"***/case_venv/lib/python3.10/site-packages/airflow/sdk/execution_time/task_runner.py","lineno":1088,"name":"_execute_task"},{"filename":"***/case_venv/lib/python3.10/site-packages/airflow/sdk/bases/operator.py","lineno":408,"name":"wrapper"},{"filename":"***/case_venv/lib/python3.10/site-packages/airflow/providers/standard/operators/bash.py","lineno":233,"name":"execute"}]}]}
