{"timestamp":"2025-05-12T22:56:36.939495","level":"info","event":"DAG bundles loaded: dags-folder","logger":"airflow.dag_processing.bundles.manager.DagBundlesManager"}
{"timestamp":"2025-05-12T22:56:36.940799","level":"info","event":"Filling up the DagBag from /home/ilies/octopus_data_engineer_case_study/data_engineer_case_study/airflow/dags/octopus_pricing_pipeline.py","logger":"airflow.models.dagbag.DagBag"}
{"timestamp":"2025-05-12T22:56:37.820270","level":"info","event":"Secrets backends loaded for worker","count":1,"backend_classes":["EnvironmentVariablesBackend"],"logger":"supervisor"}
{"timestamp":"2025-05-12T22:56:37.836058","level":"info","event":"Secrets backends loaded for worker","count":1,"backend_classes":["EnvironmentVariablesBackend"],"logger":"supervisor"}
{"timestamp":"2025-05-12T22:56:37.857108","level":"info","event":"Secrets backends loaded for worker","count":1,"backend_classes":["EnvironmentVariablesBackend"],"logger":"supervisor"}
{"timestamp":"2025-05-12T22:56:37.874307","level":"info","event":"Connection Retrieved 'staging_postgres'","logger":"airflow.hooks.base"}
{"timestamp":"2025-05-12T22:56:37.892855","level":"info","event":"Triggering Dag Run.","trigger_dag_id":"***_pricing_pipeline","logger":"task"}
{"timestamp":"2025-05-12T22:56:37.972204","level":"info","event":"Dag Run triggered successfully.","trigger_dag_id":"***_pricing_pipeline","logger":"task"}
{"timestamp":"2025-05-12T22:56:37.972472","level":"info","event":"Waiting for dag run to complete execution in allowed state.","dag_id":"***_pricing_pipeline","run_id":"manual__2025-05-12T22:56:37.892672+00:00","allowed_state":["success"],"logger":"task"}
{"timestamp":"2025-05-12T22:57:38.040068","level":"info","event":"Waiting for dag run to complete execution in allowed state.","dag_id":"***_pricing_pipeline","run_id":"manual__2025-05-12T22:56:37.892672+00:00","allowed_state":["success"],"logger":"task"}
{"timestamp":"2025-05-12T22:58:38.062061","level":"info","event":"Waiting for dag run to complete execution in allowed state.","dag_id":"***_pricing_pipeline","run_id":"manual__2025-05-12T22:56:37.892672+00:00","allowed_state":["success"],"logger":"task"}
{"timestamp":"2025-05-12T22:59:38.090109","level":"info","event":"Waiting for dag run to complete execution in allowed state.","dag_id":"***_pricing_pipeline","run_id":"manual__2025-05-12T22:56:37.892672+00:00","allowed_state":["success"],"logger":"task"}
{"timestamp":"2025-05-12T23:00:38.146985","level":"info","event":"Waiting for dag run to complete execution in allowed state.","dag_id":"***_pricing_pipeline","run_id":"manual__2025-05-12T22:56:37.892672+00:00","allowed_state":["success"],"logger":"task"}
{"timestamp":"2025-05-12T23:01:38.206607","level":"info","event":"Waiting for dag run to complete execution in allowed state.","dag_id":"***_pricing_pipeline","run_id":"manual__2025-05-12T22:56:37.892672+00:00","allowed_state":["success"],"logger":"task"}
{"timestamp":"2025-05-12T23:02:38.274079","level":"info","event":"Waiting for dag run to complete execution in allowed state.","dag_id":"***_pricing_pipeline","run_id":"manual__2025-05-12T22:56:37.892672+00:00","allowed_state":["success"],"logger":"task"}
{"timestamp":"2025-05-12T23:03:38.339679","level":"info","event":"Waiting for dag run to complete execution in allowed state.","dag_id":"***_pricing_pipeline","run_id":"manual__2025-05-12T22:56:37.892672+00:00","allowed_state":["success"],"logger":"task"}
{"timestamp":"2025-05-12T23:04:38.413992","level":"info","event":"Waiting for dag run to complete execution in allowed state.","dag_id":"***_pricing_pipeline","run_id":"manual__2025-05-12T22:56:37.892672+00:00","allowed_state":["success"],"logger":"task"}
{"timestamp":"2025-05-12T23:05:38.484872","level":"info","event":"Waiting for dag run to complete execution in allowed state.","dag_id":"***_pricing_pipeline","run_id":"manual__2025-05-12T22:56:37.892672+00:00","allowed_state":["success"],"logger":"task"}
{"timestamp":"2025-05-12T23:06:38.497960","level":"info","event":"Waiting for dag run to complete execution in allowed state.","dag_id":"***_pricing_pipeline","run_id":"manual__2025-05-12T22:56:37.892672+00:00","allowed_state":["success"],"logger":"task"}
{"timestamp":"2025-05-12T23:06:53.549880Z","level":"error","event":"Server indicated the task shouldn't be running anymore. Terminating process","detail":{"detail":{"reason":"not_found","message":"Task Instance not found"}},"logger":"task"}
{"timestamp":"2025-05-12T23:06:53.559616Z","level":"error","event":"Task killed!","logger":"task"}
