{"timestamp":"2025-05-12T22:56:44.762920","level":"info","event":"DAG bundles loaded: dags-folder","logger":"airflow.dag_processing.bundles.manager.DagBundlesManager"}
{"timestamp":"2025-05-12T22:56:44.763755","level":"info","event":"Filling up the DagBag from /home/ilies/octopus_data_engineer_case_study/data_engineer_case_study/airflow/dags/octopus_pricing_pipeline.py","logger":"airflow.models.dagbag.DagBag"}
{"timestamp":"2025-05-12T22:56:45.384347","level":"info","event":"Secrets backends loaded for worker","count":1,"backend_classes":["EnvironmentVariablesBackend"],"logger":"supervisor"}
{"timestamp":"2025-05-12T22:56:45.395294","level":"info","event":"Secrets backends loaded for worker","count":1,"backend_classes":["EnvironmentVariablesBackend"],"logger":"supervisor"}
{"timestamp":"2025-05-12T22:56:45.408361","level":"info","event":"Secrets backends loaded for worker","count":1,"backend_classes":["EnvironmentVariablesBackend"],"logger":"supervisor"}
{"timestamp":"2025-05-12T22:56:45.419523","level":"info","event":"Connection Retrieved 'staging_postgres'","logger":"airflow.hooks.base"}
{"timestamp":"2025-05-12T22:56:45.431586","level":"info","event":"Triggering Dag Run.","trigger_dag_id":"***_pricing_pipeline","logger":"task"}
{"timestamp":"2025-05-12T22:56:45.489278","level":"info","event":"Dag Run triggered successfully.","trigger_dag_id":"***_pricing_pipeline","logger":"task"}
{"timestamp":"2025-05-12T22:56:45.489645","level":"info","event":"Waiting for dag run to complete execution in allowed state.","dag_id":"***_pricing_pipeline","run_id":"manual__2025-05-12T22:56:45.431427+00:00","allowed_state":["success"],"logger":"task"}
{"timestamp":"2025-05-12T22:57:45.546882","level":"info","event":"Waiting for dag run to complete execution in allowed state.","dag_id":"***_pricing_pipeline","run_id":"manual__2025-05-12T22:56:45.431427+00:00","allowed_state":["success"],"logger":"task"}
{"timestamp":"2025-05-12T22:58:45.604069","level":"info","event":"Waiting for dag run to complete execution in allowed state.","dag_id":"***_pricing_pipeline","run_id":"manual__2025-05-12T22:56:45.431427+00:00","allowed_state":["success"],"logger":"task"}
{"timestamp":"2025-05-12T22:59:45.658603","level":"info","event":"Waiting for dag run to complete execution in allowed state.","dag_id":"***_pricing_pipeline","run_id":"manual__2025-05-12T22:56:45.431427+00:00","allowed_state":["success"],"logger":"task"}
{"timestamp":"2025-05-12T23:00:45.715307","level":"info","event":"Waiting for dag run to complete execution in allowed state.","dag_id":"***_pricing_pipeline","run_id":"manual__2025-05-12T22:56:45.431427+00:00","allowed_state":["success"],"logger":"task"}
{"timestamp":"2025-05-12T23:01:45.748512","level":"info","event":"Waiting for dag run to complete execution in allowed state.","dag_id":"***_pricing_pipeline","run_id":"manual__2025-05-12T22:56:45.431427+00:00","allowed_state":["success"],"logger":"task"}
{"timestamp":"2025-05-12T23:02:45.814874","level":"info","event":"Waiting for dag run to complete execution in allowed state.","dag_id":"***_pricing_pipeline","run_id":"manual__2025-05-12T22:56:45.431427+00:00","allowed_state":["success"],"logger":"task"}
{"timestamp":"2025-05-12T23:03:45.867968","level":"info","event":"Waiting for dag run to complete execution in allowed state.","dag_id":"***_pricing_pipeline","run_id":"manual__2025-05-12T22:56:45.431427+00:00","allowed_state":["success"],"logger":"task"}
{"timestamp":"2025-05-12T23:04:45.933352","level":"info","event":"Waiting for dag run to complete execution in allowed state.","dag_id":"***_pricing_pipeline","run_id":"manual__2025-05-12T22:56:45.431427+00:00","allowed_state":["success"],"logger":"task"}
{"timestamp":"2025-05-12T23:05:45.992379","level":"info","event":"Waiting for dag run to complete execution in allowed state.","dag_id":"***_pricing_pipeline","run_id":"manual__2025-05-12T22:56:45.431427+00:00","allowed_state":["success"],"logger":"task"}
{"timestamp":"2025-05-12T23:06:46.008789","level":"info","event":"Waiting for dag run to complete execution in allowed state.","dag_id":"***_pricing_pipeline","run_id":"manual__2025-05-12T22:56:45.431427+00:00","allowed_state":["success"],"logger":"task"}
{"timestamp":"2025-05-12T23:06:56.046538Z","level":"error","event":"Server indicated the task shouldn't be running anymore. Terminating process","detail":{"detail":{"reason":"not_found","message":"Task Instance not found"}},"logger":"task"}
{"timestamp":"2025-05-12T23:06:56.054872Z","level":"error","event":"Task killed!","logger":"task"}
