{"timestamp":"2025-05-12T22:56:42.389074","level":"info","event":"DAG bundles loaded: dags-folder","logger":"airflow.dag_processing.bundles.manager.DagBundlesManager"}
{"timestamp":"2025-05-12T22:56:42.389976","level":"info","event":"Filling up the DagBag from /home/ilies/octopus_data_engineer_case_study/data_engineer_case_study/airflow/dags/octopus_pricing_pipeline.py","logger":"airflow.models.dagbag.DagBag"}
{"timestamp":"2025-05-12T22:56:42.971413","level":"info","event":"Secrets backends loaded for worker","count":1,"backend_classes":["EnvironmentVariablesBackend"],"logger":"supervisor"}
{"timestamp":"2025-05-12T22:56:43.081052","level":"info","event":"Secrets backends loaded for worker","count":1,"backend_classes":["EnvironmentVariablesBackend"],"logger":"supervisor"}
{"timestamp":"2025-05-12T22:56:43.129566","level":"info","event":"Secrets backends loaded for worker","count":1,"backend_classes":["EnvironmentVariablesBackend"],"logger":"supervisor"}
{"timestamp":"2025-05-12T22:56:43.142292","level":"info","event":"Connection Retrieved 'staging_postgres'","logger":"airflow.hooks.base"}
{"timestamp":"2025-05-12T22:56:43.150717","level":"info","event":"Triggering Dag Run.","trigger_dag_id":"***_pricing_pipeline","logger":"task"}
{"timestamp":"2025-05-12T22:56:43.228009","level":"info","event":"Dag Run triggered successfully.","trigger_dag_id":"***_pricing_pipeline","logger":"task"}
{"timestamp":"2025-05-12T22:56:43.228260","level":"info","event":"Waiting for dag run to complete execution in allowed state.","dag_id":"***_pricing_pipeline","run_id":"manual__2025-05-12T22:56:43.150610+00:00","allowed_state":["success"],"logger":"task"}
{"timestamp":"2025-05-12T22:57:43.293464","level":"info","event":"Waiting for dag run to complete execution in allowed state.","dag_id":"***_pricing_pipeline","run_id":"manual__2025-05-12T22:56:43.150610+00:00","allowed_state":["success"],"logger":"task"}
{"timestamp":"2025-05-12T22:58:43.358323","level":"info","event":"Waiting for dag run to complete execution in allowed state.","dag_id":"***_pricing_pipeline","run_id":"manual__2025-05-12T22:56:43.150610+00:00","allowed_state":["success"],"logger":"task"}
{"timestamp":"2025-05-12T22:59:43.423267","level":"info","event":"Waiting for dag run to complete execution in allowed state.","dag_id":"***_pricing_pipeline","run_id":"manual__2025-05-12T22:56:43.150610+00:00","allowed_state":["success"],"logger":"task"}
{"timestamp":"2025-05-12T23:00:43.493451","level":"info","event":"Waiting for dag run to complete execution in allowed state.","dag_id":"***_pricing_pipeline","run_id":"manual__2025-05-12T22:56:43.150610+00:00","allowed_state":["success"],"logger":"task"}
{"timestamp":"2025-05-12T23:01:43.571193","level":"info","event":"Waiting for dag run to complete execution in allowed state.","dag_id":"***_pricing_pipeline","run_id":"manual__2025-05-12T22:56:43.150610+00:00","allowed_state":["success"],"logger":"task"}
{"timestamp":"2025-05-12T23:02:43.639679","level":"info","event":"Waiting for dag run to complete execution in allowed state.","dag_id":"***_pricing_pipeline","run_id":"manual__2025-05-12T22:56:43.150610+00:00","allowed_state":["success"],"logger":"task"}
{"timestamp":"2025-05-12T23:03:43.701048","level":"info","event":"Waiting for dag run to complete execution in allowed state.","dag_id":"***_pricing_pipeline","run_id":"manual__2025-05-12T22:56:43.150610+00:00","allowed_state":["success"],"logger":"task"}
{"timestamp":"2025-05-12T23:04:43.763320","level":"info","event":"Waiting for dag run to complete execution in allowed state.","dag_id":"***_pricing_pipeline","run_id":"manual__2025-05-12T22:56:43.150610+00:00","allowed_state":["success"],"logger":"task"}
{"timestamp":"2025-05-12T23:05:43.830331","level":"info","event":"Waiting for dag run to complete execution in allowed state.","dag_id":"***_pricing_pipeline","run_id":"manual__2025-05-12T22:56:43.150610+00:00","allowed_state":["success"],"logger":"task"}
{"timestamp":"2025-05-12T23:06:43.896644","level":"info","event":"Waiting for dag run to complete execution in allowed state.","dag_id":"***_pricing_pipeline","run_id":"manual__2025-05-12T22:56:43.150610+00:00","allowed_state":["success"],"logger":"task"}
{"timestamp":"2025-05-12T23:06:53.930518Z","level":"error","event":"Server indicated the task shouldn't be running anymore. Terminating process","detail":{"detail":{"reason":"not_found","message":"Task Instance not found"}},"logger":"task"}
{"timestamp":"2025-05-12T23:06:53.941680Z","level":"error","event":"Task killed!","logger":"task"}
