{"timestamp":"2025-05-12T22:56:39.365059","level":"info","event":"DAG bundles loaded: dags-folder","logger":"airflow.dag_processing.bundles.manager.DagBundlesManager"}
{"timestamp":"2025-05-12T22:56:39.365971","level":"info","event":"Filling up the DagBag from /home/ilies/octopus_data_engineer_case_study/data_engineer_case_study/airflow/dags/octopus_pricing_pipeline.py","logger":"airflow.models.dagbag.DagBag"}
{"timestamp":"2025-05-12T22:56:39.950953","level":"info","event":"Secrets backends loaded for worker","count":1,"backend_classes":["EnvironmentVariablesBackend"],"logger":"supervisor"}
{"timestamp":"2025-05-12T22:56:39.961942","level":"info","event":"Secrets backends loaded for worker","count":1,"backend_classes":["EnvironmentVariablesBackend"],"logger":"supervisor"}
{"timestamp":"2025-05-12T22:56:39.974310","level":"info","event":"Secrets backends loaded for worker","count":1,"backend_classes":["EnvironmentVariablesBackend"],"logger":"supervisor"}
{"timestamp":"2025-05-12T22:56:39.985718","level":"info","event":"Connection Retrieved 'staging_postgres'","logger":"airflow.hooks.base"}
{"timestamp":"2025-05-12T22:56:39.995688","level":"info","event":"Triggering Dag Run.","trigger_dag_id":"***_pricing_pipeline","logger":"task"}
{"timestamp":"2025-05-12T22:56:40.073805","level":"info","event":"Dag Run triggered successfully.","trigger_dag_id":"***_pricing_pipeline","logger":"task"}
{"timestamp":"2025-05-12T22:56:40.074199","level":"info","event":"Waiting for dag run to complete execution in allowed state.","dag_id":"***_pricing_pipeline","run_id":"manual__2025-05-12T22:56:39.995562+00:00","allowed_state":["success"],"logger":"task"}
{"timestamp":"2025-05-12T22:57:40.127832","level":"info","event":"Waiting for dag run to complete execution in allowed state.","dag_id":"***_pricing_pipeline","run_id":"manual__2025-05-12T22:56:39.995562+00:00","allowed_state":["success"],"logger":"task"}
{"timestamp":"2025-05-12T22:58:40.193937","level":"info","event":"Waiting for dag run to complete execution in allowed state.","dag_id":"***_pricing_pipeline","run_id":"manual__2025-05-12T22:56:39.995562+00:00","allowed_state":["success"],"logger":"task"}
{"timestamp":"2025-05-12T22:59:40.264511","level":"info","event":"Waiting for dag run to complete execution in allowed state.","dag_id":"***_pricing_pipeline","run_id":"manual__2025-05-12T22:56:39.995562+00:00","allowed_state":["success"],"logger":"task"}
{"timestamp":"2025-05-12T23:00:40.331672","level":"info","event":"Waiting for dag run to complete execution in allowed state.","dag_id":"***_pricing_pipeline","run_id":"manual__2025-05-12T22:56:39.995562+00:00","allowed_state":["success"],"logger":"task"}
{"timestamp":"2025-05-12T23:01:40.386409","level":"info","event":"Waiting for dag run to complete execution in allowed state.","dag_id":"***_pricing_pipeline","run_id":"manual__2025-05-12T22:56:39.995562+00:00","allowed_state":["success"],"logger":"task"}
{"timestamp":"2025-05-12T23:02:40.430981","level":"info","event":"Waiting for dag run to complete execution in allowed state.","dag_id":"***_pricing_pipeline","run_id":"manual__2025-05-12T22:56:39.995562+00:00","allowed_state":["success"],"logger":"task"}
{"timestamp":"2025-05-12T23:03:40.459691","level":"info","event":"Waiting for dag run to complete execution in allowed state.","dag_id":"***_pricing_pipeline","run_id":"manual__2025-05-12T22:56:39.995562+00:00","allowed_state":["success"],"logger":"task"}
{"timestamp":"2025-05-12T23:04:40.530961","level":"info","event":"Waiting for dag run to complete execution in allowed state.","dag_id":"***_pricing_pipeline","run_id":"manual__2025-05-12T22:56:39.995562+00:00","allowed_state":["success"],"logger":"task"}
{"timestamp":"2025-05-12T23:05:40.601025","level":"info","event":"Waiting for dag run to complete execution in allowed state.","dag_id":"***_pricing_pipeline","run_id":"manual__2025-05-12T22:56:39.995562+00:00","allowed_state":["success"],"logger":"task"}
{"timestamp":"2025-05-12T23:06:40.669179","level":"info","event":"Waiting for dag run to complete execution in allowed state.","dag_id":"***_pricing_pipeline","run_id":"manual__2025-05-12T22:56:39.995562+00:00","allowed_state":["success"],"logger":"task"}
{"timestamp":"2025-05-12T23:06:55.728149Z","level":"error","event":"Server indicated the task shouldn't be running anymore. Terminating process","detail":{"detail":{"reason":"not_found","message":"Task Instance not found"}},"logger":"task"}
{"timestamp":"2025-05-12T23:06:55.739148Z","level":"error","event":"Task killed!","logger":"task"}
